pc = 0    @   goto :_ic_main
pc = 1    @   = 5 $1
 $0 = 0
 $1 = 5
pc = 2    @   = 10 $2
 $0 = 0
 $1 = 5
 $2 = 10
pc = 3    @   = 20 $3
 $0 = 0
 $1 = 5
 $2 = 10
 $3 = 20
pc = 4    @   + $1 $2 $5
 $0 = 0
 $1 = 5
 $2 = 10
 $3 = 20
 $4 = 0
 $5 = 15
pc = 5    @   + $5 $3 $4
 $0 = 0
 $1 = 5
 $2 = 10
 $3 = 20
 $4 = 35
 $5 = 15
pc = 6    @   param $4
 $0 = 0
 $1 = 5
 $2 = 10
 $3 = 20
 $4 = 35
 $5 = 15
pc = 7    @   call :printi
35 $0 = 0
 $1 = 5
 $2 = 10
 $3 = 20
 $4 = 35
 $5 = 15
pc = 8    @   param :str1
 $0 = 0
 $1 = 5
 $2 = 10
 $3 = 20
 $4 = 35
 $5 = 15
pc = 9    @   call :println

 $0 = 0
 $1 = 5
 $2 = 10
 $3 = 20
 $4 = 35
 $5 = 15
pc = 10    @   * $1 $2 $7
 $0 = 0
 $1 = 5
 $2 = 10
 $3 = 20
 $4 = 35
 $5 = 15
 $6 = 0
 $7 = 50
pc = 11    @   + $7 $3 $6
 $0 = 0
 $1 = 5
 $2 = 10
 $3 = 20
 $4 = 35
 $5 = 15
 $6 = 70
 $7 = 50
pc = 12    @   param $6
 $0 = 0
 $1 = 5
 $2 = 10
 $3 = 20
 $4 = 35
 $5 = 15
 $6 = 70
 $7 = 50
pc = 13    @   call :printi
70 $0 = 0
 $1 = 5
 $2 = 10
 $3 = 20
 $4 = 35
 $5 = 15
 $6 = 70
 $7 = 50
pc = 14    @   param :str1
 $0 = 0
 $1 = 5
 $2 = 10
 $3 = 20
 $4 = 35
 $5 = 15
 $6 = 70
 $7 = 50
pc = 15    @   call :println

 $0 = 0
 $1 = 5
 $2 = 10
 $3 = 20
 $4 = 35
 $5 = 15
 $6 = 70
 $7 = 50
pc = 16    @   if $1 :endCheck2
 $0 = 0
 $1 = 5
 $2 = 10
 $3 = 20
 $4 = 35
 $5 = 15
 $6 = 70
 $7 = 50
pc = 21    @   / $2 $1 $10
 $0 = 0
 $1 = 5
 $2 = 10
 $3 = 20
 $4 = 35
 $5 = 15
 $6 = 70
 $7 = 50
 $8 = 0
 $9 = 0
 $10 = 2
pc = 22    @   * $10 $3 $9
 $0 = 0
 $1 = 5
 $2 = 10
 $3 = 20
 $4 = 35
 $5 = 15
 $6 = 70
 $7 = 50
 $8 = 0
 $9 = 40
 $10 = 2
pc = 23    @   * $3 $3 $11
 $0 = 0
 $1 = 5
 $2 = 10
 $3 = 20
 $4 = 35
 $5 = 15
 $6 = 70
 $7 = 50
 $8 = 0
 $9 = 40
 $10 = 2
 $11 = 400
pc = 24    @   + $9 $11 $8
 $0 = 0
 $1 = 5
 $2 = 10
 $3 = 20
 $4 = 35
 $5 = 15
 $6 = 70
 $7 = 50
 $8 = 440
 $9 = 40
 $10 = 2
 $11 = 400
pc = 25    @   param $8
 $0 = 0
 $1 = 5
 $2 = 10
 $3 = 20
 $4 = 35
 $5 = 15
 $6 = 70
 $7 = 50
 $8 = 440
 $9 = 40
 $10 = 2
 $11 = 400
pc = 26    @   call :printi
440 $0 = 0
 $1 = 5
 $2 = 10
 $3 = 20
 $4 = 35
 $5 = 15
 $6 = 70
 $7 = 50
 $8 = 440
 $9 = 40
 $10 = 2
 $11 = 400
pc = 27    @   param :str1
 $0 = 0
 $1 = 5
 $2 = 10
 $3 = 20
 $4 = 35
 $5 = 15
 $6 = 70
 $7 = 50
 $8 = 440
 $9 = 40
 $10 = 2
 $11 = 400
pc = 28    @   call :println

 $0 = 0
 $1 = 5
 $2 = 10
 $3 = 20
 $4 = 35
 $5 = 15
 $6 = 70
 $7 = 50
 $8 = 440
 $9 = 40
 $10 = 2
 $11 = 400
pc = 29    @   - $3 $2 $14
 $0 = 0
 $1 = 5
 $2 = 10
 $3 = 20
 $4 = 35
 $5 = 15
 $6 = 70
 $7 = 50
 $8 = 440
 $9 = 40
 $10 = 2
 $11 = 400
 $12 = 0
 $13 = 0
 $14 = 10
pc = 30    @   - $14 $1 $13
 $0 = 0
 $1 = 5
 $2 = 10
 $3 = 20
 $4 = 35
 $5 = 15
 $6 = 70
 $7 = 50
 $8 = 440
 $9 = 40
 $10 = 2
 $11 = 400
 $12 = 0
 $13 = 5
 $14 = 10
pc = 31    @   - $13 5 $12
 $0 = 0
 $1 = 5
 $2 = 10
 $3 = 20
 $4 = 35
 $5 = 15
 $6 = 70
 $7 = 50
 $8 = 440
 $9 = 40
 $10 = 2
 $11 = 400
 $12 = 0
 $13 = 5
 $14 = 10
pc = 32    @   param $12
 $0 = 0
 $1 = 5
 $2 = 10
 $3 = 20
 $4 = 35
 $5 = 15
 $6 = 70
 $7 = 50
 $8 = 440
 $9 = 40
 $10 = 2
 $11 = 400
 $12 = 0
 $13 = 5
 $14 = 10
pc = 33    @   call :printi
0 $0 = 0
 $1 = 5
 $2 = 10
 $3 = 20
 $4 = 35
 $5 = 15
 $6 = 70
 $7 = 50
 $8 = 440
 $9 = 40
 $10 = 2
 $11 = 400
 $12 = 0
 $13 = 5
 $14 = 10
pc = 34    @   param :str1
 $0 = 0
 $1 = 5
 $2 = 10
 $3 = 20
 $4 = 35
 $5 = 15
 $6 = 70
 $7 = 50
 $8 = 440
 $9 = 40
 $10 = 2
 $11 = 400
 $12 = 0
 $13 = 5
 $14 = 10
pc = 35    @   call :println

 $0 = 0
 $1 = 5
 $2 = 10
 $3 = 20
 $4 = 35
 $5 = 15
 $6 = 70
 $7 = 50
 $8 = 440
 $9 = 40
 $10 = 2
 $11 = 400
 $12 = 0
 $13 = 5
 $14 = 10
pc = 36    @   ret 
 $0 = 0
 $1 = 5
 $2 = 10
 $3 = 20
 $4 = 35
 $5 = 15
 $6 = 70
 $7 = 50
 $8 = 440
 $9 = 40
 $10 = 2
 $11 = 400
 $12 = 0
 $13 = 5
 $14 = 10
HALTED
 $0 = 0
 $1 = 5
 $2 = 10
 $3 = 20
 $4 = 35
 $5 = 15
 $6 = 70
 $7 = 50
 $8 = 440
 $9 = 40
 $10 = 2
 $11 = 400
 $12 = 0
 $13 = 5
 $14 = 10
