pc = 0    @   goto :_ic_main
pc = 1    @   = 1 $1
 $0 = 0
 $1 = 1
pc = 2    @   = 20 $2
 $0 = 0
 $1 = 1
 $2 = 20
pc = 3    @   < $1 11 $4
 $0 = 0
 $1 = 1
 $2 = 20
 $3 = 0
 $4 = 1
pc = 4    @   if! $4 :while_end2
 $0 = 0
 $1 = 1
 $2 = 20
 $3 = 0
 $4 = 1
pc = 5    @   * $1 2 $5
 $0 = 0
 $1 = 1
 $2 = 20
 $3 = 0
 $4 = 1
 $5 = 2
pc = 6    @   param $5
 $0 = 0
 $1 = 1
 $2 = 20
 $3 = 0
 $4 = 1
 $5 = 2
pc = 7    @   call :printi
2 $0 = 0
 $1 = 1
 $2 = 20
 $3 = 0
 $4 = 1
 $5 = 2
pc = 8    @   param :str3
 $0 = 0
 $1 = 1
 $2 = 20
 $3 = 0
 $4 = 1
 $5 = 2
pc = 9    @   call :print
  $0 = 0
 $1 = 1
 $2 = 20
 $3 = 0
 $4 = 1
 $5 = 2
pc = 10    @   + $1 1 $6
 $0 = 0
 $1 = 1
 $2 = 20
 $3 = 0
 $4 = 1
 $5 = 2
 $6 = 2
pc = 11    @   = $6 $1
 $0 = 0
 $1 = 2
 $2 = 20
 $3 = 0
 $4 = 1
 $5 = 2
 $6 = 2
pc = 12    @   goto :while_start1
 $0 = 0
 $1 = 2
 $2 = 20
 $3 = 0
 $4 = 1
 $5 = 2
 $6 = 2
pc = 3    @   < $1 11 $4
 $0 = 0
 $1 = 2
 $2 = 20
 $3 = 0
 $4 = 1
 $5 = 2
 $6 = 2
pc = 4    @   if! $4 :while_end2
 $0 = 0
 $1 = 2
 $2 = 20
 $3 = 0
 $4 = 1
 $5 = 2
 $6 = 2
pc = 5    @   * $1 2 $5
 $0 = 0
 $1 = 2
 $2 = 20
 $3 = 0
 $4 = 1
 $5 = 4
 $6 = 2
pc = 6    @   param $5
 $0 = 0
 $1 = 2
 $2 = 20
 $3 = 0
 $4 = 1
 $5 = 4
 $6 = 2
pc = 7    @   call :printi
4 $0 = 0
 $1 = 2
 $2 = 20
 $3 = 0
 $4 = 1
 $5 = 4
 $6 = 2
pc = 8    @   param :str3
 $0 = 0
 $1 = 2
 $2 = 20
 $3 = 0
 $4 = 1
 $5 = 4
 $6 = 2
pc = 9    @   call :print
  $0 = 0
 $1 = 2
 $2 = 20
 $3 = 0
 $4 = 1
 $5 = 4
 $6 = 2
pc = 10    @   + $1 1 $6
 $0 = 0
 $1 = 2
 $2 = 20
 $3 = 0
 $4 = 1
 $5 = 4
 $6 = 3
pc = 11    @   = $6 $1
 $0 = 0
 $1 = 3
 $2 = 20
 $3 = 0
 $4 = 1
 $5 = 4
 $6 = 3
pc = 12    @   goto :while_start1
 $0 = 0
 $1 = 3
 $2 = 20
 $3 = 0
 $4 = 1
 $5 = 4
 $6 = 3
pc = 3    @   < $1 11 $4
 $0 = 0
 $1 = 3
 $2 = 20
 $3 = 0
 $4 = 1
 $5 = 4
 $6 = 3
pc = 4    @   if! $4 :while_end2
 $0 = 0
 $1 = 3
 $2 = 20
 $3 = 0
 $4 = 1
 $5 = 4
 $6 = 3
pc = 5    @   * $1 2 $5
 $0 = 0
 $1 = 3
 $2 = 20
 $3 = 0
 $4 = 1
 $5 = 6
 $6 = 3
pc = 6    @   param $5
 $0 = 0
 $1 = 3
 $2 = 20
 $3 = 0
 $4 = 1
 $5 = 6
 $6 = 3
pc = 7    @   call :printi
6 $0 = 0
 $1 = 3
 $2 = 20
 $3 = 0
 $4 = 1
 $5 = 6
 $6 = 3
pc = 8    @   param :str3
 $0 = 0
 $1 = 3
 $2 = 20
 $3 = 0
 $4 = 1
 $5 = 6
 $6 = 3
pc = 9    @   call :print
  $0 = 0
 $1 = 3
 $2 = 20
 $3 = 0
 $4 = 1
 $5 = 6
 $6 = 3
pc = 10    @   + $1 1 $6
 $0 = 0
 $1 = 3
 $2 = 20
 $3 = 0
 $4 = 1
 $5 = 6
 $6 = 4
pc = 11    @   = $6 $1
 $0 = 0
 $1 = 4
 $2 = 20
 $3 = 0
 $4 = 1
 $5 = 6
 $6 = 4
pc = 12    @   goto :while_start1
 $0 = 0
 $1 = 4
 $2 = 20
 $3 = 0
 $4 = 1
 $5 = 6
 $6 = 4
pc = 3    @   < $1 11 $4
 $0 = 0
 $1 = 4
 $2 = 20
 $3 = 0
 $4 = 1
 $5 = 6
 $6 = 4
pc = 4    @   if! $4 :while_end2
 $0 = 0
 $1 = 4
 $2 = 20
 $3 = 0
 $4 = 1
 $5 = 6
 $6 = 4
pc = 5    @   * $1 2 $5
 $0 = 0
 $1 = 4
 $2 = 20
 $3 = 0
 $4 = 1
 $5 = 8
 $6 = 4
pc = 6    @   param $5
 $0 = 0
 $1 = 4
 $2 = 20
 $3 = 0
 $4 = 1
 $5 = 8
 $6 = 4
pc = 7    @   call :printi
8 $0 = 0
 $1 = 4
 $2 = 20
 $3 = 0
 $4 = 1
 $5 = 8
 $6 = 4
pc = 8    @   param :str3
 $0 = 0
 $1 = 4
 $2 = 20
 $3 = 0
 $4 = 1
 $5 = 8
 $6 = 4
pc = 9    @   call :print
  $0 = 0
 $1 = 4
 $2 = 20
 $3 = 0
 $4 = 1
 $5 = 8
 $6 = 4
pc = 10    @   + $1 1 $6
 $0 = 0
 $1 = 4
 $2 = 20
 $3 = 0
 $4 = 1
 $5 = 8
 $6 = 5
pc = 11    @   = $6 $1
 $0 = 0
 $1 = 5
 $2 = 20
 $3 = 0
 $4 = 1
 $5 = 8
 $6 = 5
pc = 12    @   goto :while_start1
 $0 = 0
 $1 = 5
 $2 = 20
 $3 = 0
 $4 = 1
 $5 = 8
 $6 = 5
pc = 3    @   < $1 11 $4
 $0 = 0
 $1 = 5
 $2 = 20
 $3 = 0
 $4 = 1
 $5 = 8
 $6 = 5
pc = 4    @   if! $4 :while_end2
 $0 = 0
 $1 = 5
 $2 = 20
 $3 = 0
 $4 = 1
 $5 = 8
 $6 = 5
pc = 5    @   * $1 2 $5
 $0 = 0
 $1 = 5
 $2 = 20
 $3 = 0
 $4 = 1
 $5 = 10
 $6 = 5
pc = 6    @   param $5
 $0 = 0
 $1 = 5
 $2 = 20
 $3 = 0
 $4 = 1
 $5 = 10
 $6 = 5
pc = 7    @   call :printi
10 $0 = 0
 $1 = 5
 $2 = 20
 $3 = 0
 $4 = 1
 $5 = 10
 $6 = 5
pc = 8    @   param :str3
 $0 = 0
 $1 = 5
 $2 = 20
 $3 = 0
 $4 = 1
 $5 = 10
 $6 = 5
pc = 9    @   call :print
  $0 = 0
 $1 = 5
 $2 = 20
 $3 = 0
 $4 = 1
 $5 = 10
 $6 = 5
pc = 10    @   + $1 1 $6
 $0 = 0
 $1 = 5
 $2 = 20
 $3 = 0
 $4 = 1
 $5 = 10
 $6 = 6
pc = 11    @   = $6 $1
 $0 = 0
 $1 = 6
 $2 = 20
 $3 = 0
 $4 = 1
 $5 = 10
 $6 = 6
pc = 12    @   goto :while_start1
 $0 = 0
 $1 = 6
 $2 = 20
 $3 = 0
 $4 = 1
 $5 = 10
 $6 = 6
pc = 3    @   < $1 11 $4
 $0 = 0
 $1 = 6
 $2 = 20
 $3 = 0
 $4 = 1
 $5 = 10
 $6 = 6
pc = 4    @   if! $4 :while_end2
 $0 = 0
 $1 = 6
 $2 = 20
 $3 = 0
 $4 = 1
 $5 = 10
 $6 = 6
pc = 5    @   * $1 2 $5
 $0 = 0
 $1 = 6
 $2 = 20
 $3 = 0
 $4 = 1
 $5 = 12
 $6 = 6
pc = 6    @   param $5
 $0 = 0
 $1 = 6
 $2 = 20
 $3 = 0
 $4 = 1
 $5 = 12
 $6 = 6
pc = 7    @   call :printi
12 $0 = 0
 $1 = 6
 $2 = 20
 $3 = 0
 $4 = 1
 $5 = 12
 $6 = 6
pc = 8    @   param :str3
 $0 = 0
 $1 = 6
 $2 = 20
 $3 = 0
 $4 = 1
 $5 = 12
 $6 = 6
pc = 9    @   call :print
  $0 = 0
 $1 = 6
 $2 = 20
 $3 = 0
 $4 = 1
 $5 = 12
 $6 = 6
pc = 10    @   + $1 1 $6
 $0 = 0
 $1 = 6
 $2 = 20
 $3 = 0
 $4 = 1
 $5 = 12
 $6 = 7
pc = 11    @   = $6 $1
 $0 = 0
 $1 = 7
 $2 = 20
 $3 = 0
 $4 = 1
 $5 = 12
 $6 = 7
pc = 12    @   goto :while_start1
 $0 = 0
 $1 = 7
 $2 = 20
 $3 = 0
 $4 = 1
 $5 = 12
 $6 = 7
pc = 3    @   < $1 11 $4
 $0 = 0
 $1 = 7
 $2 = 20
 $3 = 0
 $4 = 1
 $5 = 12
 $6 = 7
pc = 4    @   if! $4 :while_end2
 $0 = 0
 $1 = 7
 $2 = 20
 $3 = 0
 $4 = 1
 $5 = 12
 $6 = 7
pc = 5    @   * $1 2 $5
 $0 = 0
 $1 = 7
 $2 = 20
 $3 = 0
 $4 = 1
 $5 = 14
 $6 = 7
pc = 6    @   param $5
 $0 = 0
 $1 = 7
 $2 = 20
 $3 = 0
 $4 = 1
 $5 = 14
 $6 = 7
pc = 7    @   call :printi
14 $0 = 0
 $1 = 7
 $2 = 20
 $3 = 0
 $4 = 1
 $5 = 14
 $6 = 7
pc = 8    @   param :str3
 $0 = 0
 $1 = 7
 $2 = 20
 $3 = 0
 $4 = 1
 $5 = 14
 $6 = 7
pc = 9    @   call :print
  $0 = 0
 $1 = 7
 $2 = 20
 $3 = 0
 $4 = 1
 $5 = 14
 $6 = 7
pc = 10    @   + $1 1 $6
 $0 = 0
 $1 = 7
 $2 = 20
 $3 = 0
 $4 = 1
 $5 = 14
 $6 = 8
pc = 11    @   = $6 $1
 $0 = 0
 $1 = 8
 $2 = 20
 $3 = 0
 $4 = 1
 $5 = 14
 $6 = 8
pc = 12    @   goto :while_start1
 $0 = 0
 $1 = 8
 $2 = 20
 $3 = 0
 $4 = 1
 $5 = 14
 $6 = 8
pc = 3    @   < $1 11 $4
 $0 = 0
 $1 = 8
 $2 = 20
 $3 = 0
 $4 = 1
 $5 = 14
 $6 = 8
pc = 4    @   if! $4 :while_end2
 $0 = 0
 $1 = 8
 $2 = 20
 $3 = 0
 $4 = 1
 $5 = 14
 $6 = 8
pc = 5    @   * $1 2 $5
 $0 = 0
 $1 = 8
 $2 = 20
 $3 = 0
 $4 = 1
 $5 = 16
 $6 = 8
pc = 6    @   param $5
 $0 = 0
 $1 = 8
 $2 = 20
 $3 = 0
 $4 = 1
 $5 = 16
 $6 = 8
pc = 7    @   call :printi
16 $0 = 0
 $1 = 8
 $2 = 20
 $3 = 0
 $4 = 1
 $5 = 16
 $6 = 8
pc = 8    @   param :str3
 $0 = 0
 $1 = 8
 $2 = 20
 $3 = 0
 $4 = 1
 $5 = 16
 $6 = 8
pc = 9    @   call :print
  $0 = 0
 $1 = 8
 $2 = 20
 $3 = 0
 $4 = 1
 $5 = 16
 $6 = 8
pc = 10    @   + $1 1 $6
 $0 = 0
 $1 = 8
 $2 = 20
 $3 = 0
 $4 = 1
 $5 = 16
 $6 = 9
pc = 11    @   = $6 $1
 $0 = 0
 $1 = 9
 $2 = 20
 $3 = 0
 $4 = 1
 $5 = 16
 $6 = 9
pc = 12    @   goto :while_start1
 $0 = 0
 $1 = 9
 $2 = 20
 $3 = 0
 $4 = 1
 $5 = 16
 $6 = 9
pc = 3    @   < $1 11 $4
 $0 = 0
 $1 = 9
 $2 = 20
 $3 = 0
 $4 = 1
 $5 = 16
 $6 = 9
pc = 4    @   if! $4 :while_end2
 $0 = 0
 $1 = 9
 $2 = 20
 $3 = 0
 $4 = 1
 $5 = 16
 $6 = 9
pc = 5    @   * $1 2 $5
 $0 = 0
 $1 = 9
 $2 = 20
 $3 = 0
 $4 = 1
 $5 = 18
 $6 = 9
pc = 6    @   param $5
 $0 = 0
 $1 = 9
 $2 = 20
 $3 = 0
 $4 = 1
 $5 = 18
 $6 = 9
pc = 7    @   call :printi
18 $0 = 0
 $1 = 9
 $2 = 20
 $3 = 0
 $4 = 1
 $5 = 18
 $6 = 9
pc = 8    @   param :str3
 $0 = 0
 $1 = 9
 $2 = 20
 $3 = 0
 $4 = 1
 $5 = 18
 $6 = 9
pc = 9    @   call :print
  $0 = 0
 $1 = 9
 $2 = 20
 $3 = 0
 $4 = 1
 $5 = 18
 $6 = 9
pc = 10    @   + $1 1 $6
 $0 = 0
 $1 = 9
 $2 = 20
 $3 = 0
 $4 = 1
 $5 = 18
 $6 = 10
pc = 11    @   = $6 $1
 $0 = 0
 $1 = 10
 $2 = 20
 $3 = 0
 $4 = 1
 $5 = 18
 $6 = 10
pc = 12    @   goto :while_start1
 $0 = 0
 $1 = 10
 $2 = 20
 $3 = 0
 $4 = 1
 $5 = 18
 $6 = 10
pc = 3    @   < $1 11 $4
 $0 = 0
 $1 = 10
 $2 = 20
 $3 = 0
 $4 = 1
 $5 = 18
 $6 = 10
pc = 4    @   if! $4 :while_end2
 $0 = 0
 $1 = 10
 $2 = 20
 $3 = 0
 $4 = 1
 $5 = 18
 $6 = 10
pc = 5    @   * $1 2 $5
 $0 = 0
 $1 = 10
 $2 = 20
 $3 = 0
 $4 = 1
 $5 = 20
 $6 = 10
pc = 6    @   param $5
 $0 = 0
 $1 = 10
 $2 = 20
 $3 = 0
 $4 = 1
 $5 = 20
 $6 = 10
pc = 7    @   call :printi
20 $0 = 0
 $1 = 10
 $2 = 20
 $3 = 0
 $4 = 1
 $5 = 20
 $6 = 10
pc = 8    @   param :str3
 $0 = 0
 $1 = 10
 $2 = 20
 $3 = 0
 $4 = 1
 $5 = 20
 $6 = 10
pc = 9    @   call :print
  $0 = 0
 $1 = 10
 $2 = 20
 $3 = 0
 $4 = 1
 $5 = 20
 $6 = 10
pc = 10    @   + $1 1 $6
 $0 = 0
 $1 = 10
 $2 = 20
 $3 = 0
 $4 = 1
 $5 = 20
 $6 = 11
pc = 11    @   = $6 $1
 $0 = 0
 $1 = 11
 $2 = 20
 $3 = 0
 $4 = 1
 $5 = 20
 $6 = 11
pc = 12    @   goto :while_start1
 $0 = 0
 $1 = 11
 $2 = 20
 $3 = 0
 $4 = 1
 $5 = 20
 $6 = 11
pc = 3    @   < $1 11 $4
 $0 = 0
 $1 = 11
 $2 = 20
 $3 = 0
 $4 = 0
 $5 = 20
 $6 = 11
pc = 4    @   if! $4 :while_end2
 $0 = 0
 $1 = 11
 $2 = 20
 $3 = 0
 $4 = 0
 $5 = 20
 $6 = 11
pc = 13    @   param :str4
 $0 = 0
 $1 = 11
 $2 = 20
 $3 = 0
 $4 = 0
 $5 = 20
 $6 = 11
pc = 14    @   call :println

 $0 = 0
 $1 = 11
 $2 = 20
 $3 = 0
 $4 = 0
 $5 = 20
 $6 = 11
pc = 15    @   = 1 $1
 $0 = 0
 $1 = 1
 $2 = 20
 $3 = 0
 $4 = 0
 $5 = 20
 $6 = 11
pc = 16    @   <= $1 5 $7
 $0 = 0
 $1 = 1
 $2 = 20
 $3 = 0
 $4 = 0
 $5 = 20
 $6 = 11
 $7 = 1
pc = 17    @   if! $7 :while_end6
 $0 = 0
 $1 = 1
 $2 = 20
 $3 = 0
 $4 = 0
 $5 = 20
 $6 = 11
 $7 = 1
pc = 18    @   = 1 $2
 $0 = 0
 $1 = 1
 $2 = 1
 $3 = 0
 $4 = 0
 $5 = 20
 $6 = 11
 $7 = 1
pc = 19    @   <= $2 $1 $8
 $0 = 0
 $1 = 1
 $2 = 1
 $3 = 0
 $4 = 0
 $5 = 20
 $6 = 11
 $7 = 1
 $8 = 1
pc = 20    @   if! $8 :while_end8
 $0 = 0
 $1 = 1
 $2 = 1
 $3 = 0
 $4 = 0
 $5 = 20
 $6 = 11
 $7 = 1
 $8 = 1
pc = 21    @   param :str9
 $0 = 0
 $1 = 1
 $2 = 1
 $3 = 0
 $4 = 0
 $5 = 20
 $6 = 11
 $7 = 1
 $8 = 1
pc = 22    @   call :print
* $0 = 0
 $1 = 1
 $2 = 1
 $3 = 0
 $4 = 0
 $5 = 20
 $6 = 11
 $7 = 1
 $8 = 1
pc = 23    @   + $2 1 $9
 $0 = 0
 $1 = 1
 $2 = 1
 $3 = 0
 $4 = 0
 $5 = 20
 $6 = 11
 $7 = 1
 $8 = 1
 $9 = 2
pc = 24    @   = $9 $2
 $0 = 0
 $1 = 1
 $2 = 2
 $3 = 0
 $4 = 0
 $5 = 20
 $6 = 11
 $7 = 1
 $8 = 1
 $9 = 2
pc = 25    @   goto :while_start7
 $0 = 0
 $1 = 1
 $2 = 2
 $3 = 0
 $4 = 0
 $5 = 20
 $6 = 11
 $7 = 1
 $8 = 1
 $9 = 2
pc = 19    @   <= $2 $1 $8
 $0 = 0
 $1 = 1
 $2 = 2
 $3 = 0
 $4 = 0
 $5 = 20
 $6 = 11
 $7 = 1
 $8 = 0
 $9 = 2
pc = 20    @   if! $8 :while_end8
 $0 = 0
 $1 = 1
 $2 = 2
 $3 = 0
 $4 = 0
 $5 = 20
 $6 = 11
 $7 = 1
 $8 = 0
 $9 = 2
pc = 26    @   param :str4
 $0 = 0
 $1 = 1
 $2 = 2
 $3 = 0
 $4 = 0
 $5 = 20
 $6 = 11
 $7 = 1
 $8 = 0
 $9 = 2
pc = 27    @   call :println

 $0 = 0
 $1 = 1
 $2 = 2
 $3 = 0
 $4 = 0
 $5 = 20
 $6 = 11
 $7 = 1
 $8 = 0
 $9 = 2
pc = 28    @   + $1 1 $10
 $0 = 0
 $1 = 1
 $2 = 2
 $3 = 0
 $4 = 0
 $5 = 20
 $6 = 11
 $7 = 1
 $8 = 0
 $9 = 2
 $10 = 2
pc = 29    @   = $10 $1
 $0 = 0
 $1 = 2
 $2 = 2
 $3 = 0
 $4 = 0
 $5 = 20
 $6 = 11
 $7 = 1
 $8 = 0
 $9 = 2
 $10 = 2
pc = 30    @   goto :while_start5
 $0 = 0
 $1 = 2
 $2 = 2
 $3 = 0
 $4 = 0
 $5 = 20
 $6 = 11
 $7 = 1
 $8 = 0
 $9 = 2
 $10 = 2
pc = 16    @   <= $1 5 $7
 $0 = 0
 $1 = 2
 $2 = 2
 $3 = 0
 $4 = 0
 $5 = 20
 $6 = 11
 $7 = 1
 $8 = 0
 $9 = 2
 $10 = 2
pc = 17    @   if! $7 :while_end6
 $0 = 0
 $1 = 2
 $2 = 2
 $3 = 0
 $4 = 0
 $5 = 20
 $6 = 11
 $7 = 1
 $8 = 0
 $9 = 2
 $10 = 2
pc = 18    @   = 1 $2
 $0 = 0
 $1 = 2
 $2 = 1
 $3 = 0
 $4 = 0
 $5 = 20
 $6 = 11
 $7 = 1
 $8 = 0
 $9 = 2
 $10 = 2
pc = 19    @   <= $2 $1 $8
 $0 = 0
 $1 = 2
 $2 = 1
 $3 = 0
 $4 = 0
 $5 = 20
 $6 = 11
 $7 = 1
 $8 = 1
 $9 = 2
 $10 = 2
pc = 20    @   if! $8 :while_end8
 $0 = 0
 $1 = 2
 $2 = 1
 $3 = 0
 $4 = 0
 $5 = 20
 $6 = 11
 $7 = 1
 $8 = 1
 $9 = 2
 $10 = 2
pc = 21    @   param :str9
 $0 = 0
 $1 = 2
 $2 = 1
 $3 = 0
 $4 = 0
 $5 = 20
 $6 = 11
 $7 = 1
 $8 = 1
 $9 = 2
 $10 = 2
pc = 22    @   call :print
* $0 = 0
 $1 = 2
 $2 = 1
 $3 = 0
 $4 = 0
 $5 = 20
 $6 = 11
 $7 = 1
 $8 = 1
 $9 = 2
 $10 = 2
pc = 23    @   + $2 1 $9
 $0 = 0
 $1 = 2
 $2 = 1
 $3 = 0
 $4 = 0
 $5 = 20
 $6 = 11
 $7 = 1
 $8 = 1
 $9 = 2
 $10 = 2
pc = 24    @   = $9 $2
 $0 = 0
 $1 = 2
 $2 = 2
 $3 = 0
 $4 = 0
 $5 = 20
 $6 = 11
 $7 = 1
 $8 = 1
 $9 = 2
 $10 = 2
pc = 25    @   goto :while_start7
 $0 = 0
 $1 = 2
 $2 = 2
 $3 = 0
 $4 = 0
 $5 = 20
 $6 = 11
 $7 = 1
 $8 = 1
 $9 = 2
 $10 = 2
pc = 19    @   <= $2 $1 $8
 $0 = 0
 $1 = 2
 $2 = 2
 $3 = 0
 $4 = 0
 $5 = 20
 $6 = 11
 $7 = 1
 $8 = 1
 $9 = 2
 $10 = 2
pc = 20    @   if! $8 :while_end8
 $0 = 0
 $1 = 2
 $2 = 2
 $3 = 0
 $4 = 0
 $5 = 20
 $6 = 11
 $7 = 1
 $8 = 1
 $9 = 2
 $10 = 2
pc = 21    @   param :str9
 $0 = 0
 $1 = 2
 $2 = 2
 $3 = 0
 $4 = 0
 $5 = 20
 $6 = 11
 $7 = 1
 $8 = 1
 $9 = 2
 $10 = 2
pc = 22    @   call :print
* $0 = 0
 $1 = 2
 $2 = 2
 $3 = 0
 $4 = 0
 $5 = 20
 $6 = 11
 $7 = 1
 $8 = 1
 $9 = 2
 $10 = 2
pc = 23    @   + $2 1 $9
 $0 = 0
 $1 = 2
 $2 = 2
 $3 = 0
 $4 = 0
 $5 = 20
 $6 = 11
 $7 = 1
 $8 = 1
 $9 = 3
 $10 = 2
pc = 24    @   = $9 $2
 $0 = 0
 $1 = 2
 $2 = 3
 $3 = 0
 $4 = 0
 $5 = 20
 $6 = 11
 $7 = 1
 $8 = 1
 $9 = 3
 $10 = 2
pc = 25    @   goto :while_start7
 $0 = 0
 $1 = 2
 $2 = 3
 $3 = 0
 $4 = 0
 $5 = 20
 $6 = 11
 $7 = 1
 $8 = 1
 $9 = 3
 $10 = 2
pc = 19    @   <= $2 $1 $8
 $0 = 0
 $1 = 2
 $2 = 3
 $3 = 0
 $4 = 0
 $5 = 20
 $6 = 11
 $7 = 1
 $8 = 0
 $9 = 3
 $10 = 2
pc = 20    @   if! $8 :while_end8
 $0 = 0
 $1 = 2
 $2 = 3
 $3 = 0
 $4 = 0
 $5 = 20
 $6 = 11
 $7 = 1
 $8 = 0
 $9 = 3
 $10 = 2
pc = 26    @   param :str4
 $0 = 0
 $1 = 2
 $2 = 3
 $3 = 0
 $4 = 0
 $5 = 20
 $6 = 11
 $7 = 1
 $8 = 0
 $9 = 3
 $10 = 2
pc = 27    @   call :println

 $0 = 0
 $1 = 2
 $2 = 3
 $3 = 0
 $4 = 0
 $5 = 20
 $6 = 11
 $7 = 1
 $8 = 0
 $9 = 3
 $10 = 2
pc = 28    @   + $1 1 $10
 $0 = 0
 $1 = 2
 $2 = 3
 $3 = 0
 $4 = 0
 $5 = 20
 $6 = 11
 $7 = 1
 $8 = 0
 $9 = 3
 $10 = 3
pc = 29    @   = $10 $1
 $0 = 0
 $1 = 3
 $2 = 3
 $3 = 0
 $4 = 0
 $5 = 20
 $6 = 11
 $7 = 1
 $8 = 0
 $9 = 3
 $10 = 3
pc = 30    @   goto :while_start5
 $0 = 0
 $1 = 3
 $2 = 3
 $3 = 0
 $4 = 0
 $5 = 20
 $6 = 11
 $7 = 1
 $8 = 0
 $9 = 3
 $10 = 3
pc = 16    @   <= $1 5 $7
 $0 = 0
 $1 = 3
 $2 = 3
 $3 = 0
 $4 = 0
 $5 = 20
 $6 = 11
 $7 = 1
 $8 = 0
 $9 = 3
 $10 = 3
pc = 17    @   if! $7 :while_end6
 $0 = 0
 $1 = 3
 $2 = 3
 $3 = 0
 $4 = 0
 $5 = 20
 $6 = 11
 $7 = 1
 $8 = 0
 $9 = 3
 $10 = 3
pc = 18    @   = 1 $2
 $0 = 0
 $1 = 3
 $2 = 1
 $3 = 0
 $4 = 0
 $5 = 20
 $6 = 11
 $7 = 1
 $8 = 0
 $9 = 3
 $10 = 3
pc = 19    @   <= $2 $1 $8
 $0 = 0
 $1 = 3
 $2 = 1
 $3 = 0
 $4 = 0
 $5 = 20
 $6 = 11
 $7 = 1
 $8 = 1
 $9 = 3
 $10 = 3
pc = 20    @   if! $8 :while_end8
 $0 = 0
 $1 = 3
 $2 = 1
 $3 = 0
 $4 = 0
 $5 = 20
 $6 = 11
 $7 = 1
 $8 = 1
 $9 = 3
 $10 = 3
pc = 21    @   param :str9
 $0 = 0
 $1 = 3
 $2 = 1
 $3 = 0
 $4 = 0
 $5 = 20
 $6 = 11
 $7 = 1
 $8 = 1
 $9 = 3
 $10 = 3
pc = 22    @   call :print
* $0 = 0
 $1 = 3
 $2 = 1
 $3 = 0
 $4 = 0
 $5 = 20
 $6 = 11
 $7 = 1
 $8 = 1
 $9 = 3
 $10 = 3
pc = 23    @   + $2 1 $9
 $0 = 0
 $1 = 3
 $2 = 1
 $3 = 0
 $4 = 0
 $5 = 20
 $6 = 11
 $7 = 1
 $8 = 1
 $9 = 2
 $10 = 3
pc = 24    @   = $9 $2
 $0 = 0
 $1 = 3
 $2 = 2
 $3 = 0
 $4 = 0
 $5 = 20
 $6 = 11
 $7 = 1
 $8 = 1
 $9 = 2
 $10 = 3
pc = 25    @   goto :while_start7
 $0 = 0
 $1 = 3
 $2 = 2
 $3 = 0
 $4 = 0
 $5 = 20
 $6 = 11
 $7 = 1
 $8 = 1
 $9 = 2
 $10 = 3
pc = 19    @   <= $2 $1 $8
 $0 = 0
 $1 = 3
 $2 = 2
 $3 = 0
 $4 = 0
 $5 = 20
 $6 = 11
 $7 = 1
 $8 = 1
 $9 = 2
 $10 = 3
pc = 20    @   if! $8 :while_end8
 $0 = 0
 $1 = 3
 $2 = 2
 $3 = 0
 $4 = 0
 $5 = 20
 $6 = 11
 $7 = 1
 $8 = 1
 $9 = 2
 $10 = 3
pc = 21    @   param :str9
 $0 = 0
 $1 = 3
 $2 = 2
 $3 = 0
 $4 = 0
 $5 = 20
 $6 = 11
 $7 = 1
 $8 = 1
 $9 = 2
 $10 = 3
pc = 22    @   call :print
* $0 = 0
 $1 = 3
 $2 = 2
 $3 = 0
 $4 = 0
 $5 = 20
 $6 = 11
 $7 = 1
 $8 = 1
 $9 = 2
 $10 = 3
pc = 23    @   + $2 1 $9
 $0 = 0
 $1 = 3
 $2 = 2
 $3 = 0
 $4 = 0
 $5 = 20
 $6 = 11
 $7 = 1
 $8 = 1
 $9 = 3
 $10 = 3
pc = 24    @   = $9 $2
 $0 = 0
 $1 = 3
 $2 = 3
 $3 = 0
 $4 = 0
 $5 = 20
 $6 = 11
 $7 = 1
 $8 = 1
 $9 = 3
 $10 = 3
pc = 25    @   goto :while_start7
 $0 = 0
 $1 = 3
 $2 = 3
 $3 = 0
 $4 = 0
 $5 = 20
 $6 = 11
 $7 = 1
 $8 = 1
 $9 = 3
 $10 = 3
pc = 19    @   <= $2 $1 $8
 $0 = 0
 $1 = 3
 $2 = 3
 $3 = 0
 $4 = 0
 $5 = 20
 $6 = 11
 $7 = 1
 $8 = 1
 $9 = 3
 $10 = 3
pc = 20    @   if! $8 :while_end8
 $0 = 0
 $1 = 3
 $2 = 3
 $3 = 0
 $4 = 0
 $5 = 20
 $6 = 11
 $7 = 1
 $8 = 1
 $9 = 3
 $10 = 3
pc = 21    @   param :str9
 $0 = 0
 $1 = 3
 $2 = 3
 $3 = 0
 $4 = 0
 $5 = 20
 $6 = 11
 $7 = 1
 $8 = 1
 $9 = 3
 $10 = 3
pc = 22    @   call :print
* $0 = 0
 $1 = 3
 $2 = 3
 $3 = 0
 $4 = 0
 $5 = 20
 $6 = 11
 $7 = 1
 $8 = 1
 $9 = 3
 $10 = 3
pc = 23    @   + $2 1 $9
 $0 = 0
 $1 = 3
 $2 = 3
 $3 = 0
 $4 = 0
 $5 = 20
 $6 = 11
 $7 = 1
 $8 = 1
 $9 = 4
 $10 = 3
pc = 24    @   = $9 $2
 $0 = 0
 $1 = 3
 $2 = 4
 $3 = 0
 $4 = 0
 $5 = 20
 $6 = 11
 $7 = 1
 $8 = 1
 $9 = 4
 $10 = 3
pc = 25    @   goto :while_start7
 $0 = 0
 $1 = 3
 $2 = 4
 $3 = 0
 $4 = 0
 $5 = 20
 $6 = 11
 $7 = 1
 $8 = 1
 $9 = 4
 $10 = 3
pc = 19    @   <= $2 $1 $8
 $0 = 0
 $1 = 3
 $2 = 4
 $3 = 0
 $4 = 0
 $5 = 20
 $6 = 11
 $7 = 1
 $8 = 0
 $9 = 4
 $10 = 3
pc = 20    @   if! $8 :while_end8
 $0 = 0
 $1 = 3
 $2 = 4
 $3 = 0
 $4 = 0
 $5 = 20
 $6 = 11
 $7 = 1
 $8 = 0
 $9 = 4
 $10 = 3
pc = 26    @   param :str4
 $0 = 0
 $1 = 3
 $2 = 4
 $3 = 0
 $4 = 0
 $5 = 20
 $6 = 11
 $7 = 1
 $8 = 0
 $9 = 4
 $10 = 3
pc = 27    @   call :println

 $0 = 0
 $1 = 3
 $2 = 4
 $3 = 0
 $4 = 0
 $5 = 20
 $6 = 11
 $7 = 1
 $8 = 0
 $9 = 4
 $10 = 3
pc = 28    @   + $1 1 $10
 $0 = 0
 $1 = 3
 $2 = 4
 $3 = 0
 $4 = 0
 $5 = 20
 $6 = 11
 $7 = 1
 $8 = 0
 $9 = 4
 $10 = 4
pc = 29    @   = $10 $1
 $0 = 0
 $1 = 4
 $2 = 4
 $3 = 0
 $4 = 0
 $5 = 20
 $6 = 11
 $7 = 1
 $8 = 0
 $9 = 4
 $10 = 4
pc = 30    @   goto :while_start5
 $0 = 0
 $1 = 4
 $2 = 4
 $3 = 0
 $4 = 0
 $5 = 20
 $6 = 11
 $7 = 1
 $8 = 0
 $9 = 4
 $10 = 4
pc = 16    @   <= $1 5 $7
 $0 = 0
 $1 = 4
 $2 = 4
 $3 = 0
 $4 = 0
 $5 = 20
 $6 = 11
 $7 = 1
 $8 = 0
 $9 = 4
 $10 = 4
pc = 17    @   if! $7 :while_end6
 $0 = 0
 $1 = 4
 $2 = 4
 $3 = 0
 $4 = 0
 $5 = 20
 $6 = 11
 $7 = 1
 $8 = 0
 $9 = 4
 $10 = 4
pc = 18    @   = 1 $2
 $0 = 0
 $1 = 4
 $2 = 1
 $3 = 0
 $4 = 0
 $5 = 20
 $6 = 11
 $7 = 1
 $8 = 0
 $9 = 4
 $10 = 4
pc = 19    @   <= $2 $1 $8
 $0 = 0
 $1 = 4
 $2 = 1
 $3 = 0
 $4 = 0
 $5 = 20
 $6 = 11
 $7 = 1
 $8 = 1
 $9 = 4
 $10 = 4
pc = 20    @   if! $8 :while_end8
 $0 = 0
 $1 = 4
 $2 = 1
 $3 = 0
 $4 = 0
 $5 = 20
 $6 = 11
 $7 = 1
 $8 = 1
 $9 = 4
 $10 = 4
pc = 21    @   param :str9
 $0 = 0
 $1 = 4
 $2 = 1
 $3 = 0
 $4 = 0
 $5 = 20
 $6 = 11
 $7 = 1
 $8 = 1
 $9 = 4
 $10 = 4
pc = 22    @   call :print
* $0 = 0
 $1 = 4
 $2 = 1
 $3 = 0
 $4 = 0
 $5 = 20
 $6 = 11
 $7 = 1
 $8 = 1
 $9 = 4
 $10 = 4
pc = 23    @   + $2 1 $9
 $0 = 0
 $1 = 4
 $2 = 1
 $3 = 0
 $4 = 0
 $5 = 20
 $6 = 11
 $7 = 1
 $8 = 1
 $9 = 2
 $10 = 4
pc = 24    @   = $9 $2
 $0 = 0
 $1 = 4
 $2 = 2
 $3 = 0
 $4 = 0
 $5 = 20
 $6 = 11
 $7 = 1
 $8 = 1
 $9 = 2
 $10 = 4
pc = 25    @   goto :while_start7
 $0 = 0
 $1 = 4
 $2 = 2
 $3 = 0
 $4 = 0
 $5 = 20
 $6 = 11
 $7 = 1
 $8 = 1
 $9 = 2
 $10 = 4
pc = 19    @   <= $2 $1 $8
 $0 = 0
 $1 = 4
 $2 = 2
 $3 = 0
 $4 = 0
 $5 = 20
 $6 = 11
 $7 = 1
 $8 = 1
 $9 = 2
 $10 = 4
pc = 20    @   if! $8 :while_end8
 $0 = 0
 $1 = 4
 $2 = 2
 $3 = 0
 $4 = 0
 $5 = 20
 $6 = 11
 $7 = 1
 $8 = 1
 $9 = 2
 $10 = 4
pc = 21    @   param :str9
 $0 = 0
 $1 = 4
 $2 = 2
 $3 = 0
 $4 = 0
 $5 = 20
 $6 = 11
 $7 = 1
 $8 = 1
 $9 = 2
 $10 = 4
pc = 22    @   call :print
* $0 = 0
 $1 = 4
 $2 = 2
 $3 = 0
 $4 = 0
 $5 = 20
 $6 = 11
 $7 = 1
 $8 = 1
 $9 = 2
 $10 = 4
pc = 23    @   + $2 1 $9
 $0 = 0
 $1 = 4
 $2 = 2
 $3 = 0
 $4 = 0
 $5 = 20
 $6 = 11
 $7 = 1
 $8 = 1
 $9 = 3
 $10 = 4
pc = 24    @   = $9 $2
 $0 = 0
 $1 = 4
 $2 = 3
 $3 = 0
 $4 = 0
 $5 = 20
 $6 = 11
 $7 = 1
 $8 = 1
 $9 = 3
 $10 = 4
pc = 25    @   goto :while_start7
 $0 = 0
 $1 = 4
 $2 = 3
 $3 = 0
 $4 = 0
 $5 = 20
 $6 = 11
 $7 = 1
 $8 = 1
 $9 = 3
 $10 = 4
pc = 19    @   <= $2 $1 $8
 $0 = 0
 $1 = 4
 $2 = 3
 $3 = 0
 $4 = 0
 $5 = 20
 $6 = 11
 $7 = 1
 $8 = 1
 $9 = 3
 $10 = 4
pc = 20    @   if! $8 :while_end8
 $0 = 0
 $1 = 4
 $2 = 3
 $3 = 0
 $4 = 0
 $5 = 20
 $6 = 11
 $7 = 1
 $8 = 1
 $9 = 3
 $10 = 4
pc = 21    @   param :str9
 $0 = 0
 $1 = 4
 $2 = 3
 $3 = 0
 $4 = 0
 $5 = 20
 $6 = 11
 $7 = 1
 $8 = 1
 $9 = 3
 $10 = 4
pc = 22    @   call :print
* $0 = 0
 $1 = 4
 $2 = 3
 $3 = 0
 $4 = 0
 $5 = 20
 $6 = 11
 $7 = 1
 $8 = 1
 $9 = 3
 $10 = 4
pc = 23    @   + $2 1 $9
 $0 = 0
 $1 = 4
 $2 = 3
 $3 = 0
 $4 = 0
 $5 = 20
 $6 = 11
 $7 = 1
 $8 = 1
 $9 = 4
 $10 = 4
pc = 24    @   = $9 $2
 $0 = 0
 $1 = 4
 $2 = 4
 $3 = 0
 $4 = 0
 $5 = 20
 $6 = 11
 $7 = 1
 $8 = 1
 $9 = 4
 $10 = 4
pc = 25    @   goto :while_start7
 $0 = 0
 $1 = 4
 $2 = 4
 $3 = 0
 $4 = 0
 $5 = 20
 $6 = 11
 $7 = 1
 $8 = 1
 $9 = 4
 $10 = 4
pc = 19    @   <= $2 $1 $8
 $0 = 0
 $1 = 4
 $2 = 4
 $3 = 0
 $4 = 0
 $5 = 20
 $6 = 11
 $7 = 1
 $8 = 1
 $9 = 4
 $10 = 4
pc = 20    @   if! $8 :while_end8
 $0 = 0
 $1 = 4
 $2 = 4
 $3 = 0
 $4 = 0
 $5 = 20
 $6 = 11
 $7 = 1
 $8 = 1
 $9 = 4
 $10 = 4
pc = 21    @   param :str9
 $0 = 0
 $1 = 4
 $2 = 4
 $3 = 0
 $4 = 0
 $5 = 20
 $6 = 11
 $7 = 1
 $8 = 1
 $9 = 4
 $10 = 4
pc = 22    @   call :print
* $0 = 0
 $1 = 4
 $2 = 4
 $3 = 0
 $4 = 0
 $5 = 20
 $6 = 11
 $7 = 1
 $8 = 1
 $9 = 4
 $10 = 4
pc = 23    @   + $2 1 $9
 $0 = 0
 $1 = 4
 $2 = 4
 $3 = 0
 $4 = 0
 $5 = 20
 $6 = 11
 $7 = 1
 $8 = 1
 $9 = 5
 $10 = 4
pc = 24    @   = $9 $2
 $0 = 0
 $1 = 4
 $2 = 5
 $3 = 0
 $4 = 0
 $5 = 20
 $6 = 11
 $7 = 1
 $8 = 1
 $9 = 5
 $10 = 4
pc = 25    @   goto :while_start7
 $0 = 0
 $1 = 4
 $2 = 5
 $3 = 0
 $4 = 0
 $5 = 20
 $6 = 11
 $7 = 1
 $8 = 1
 $9 = 5
 $10 = 4
pc = 19    @   <= $2 $1 $8
 $0 = 0
 $1 = 4
 $2 = 5
 $3 = 0
 $4 = 0
 $5 = 20
 $6 = 11
 $7 = 1
 $8 = 0
 $9 = 5
 $10 = 4
pc = 20    @   if! $8 :while_end8
 $0 = 0
 $1 = 4
 $2 = 5
 $3 = 0
 $4 = 0
 $5 = 20
 $6 = 11
 $7 = 1
 $8 = 0
 $9 = 5
 $10 = 4
pc = 26    @   param :str4
 $0 = 0
 $1 = 4
 $2 = 5
 $3 = 0
 $4 = 0
 $5 = 20
 $6 = 11
 $7 = 1
 $8 = 0
 $9 = 5
 $10 = 4
pc = 27    @   call :println

 $0 = 0
 $1 = 4
 $2 = 5
 $3 = 0
 $4 = 0
 $5 = 20
 $6 = 11
 $7 = 1
 $8 = 0
 $9 = 5
 $10 = 4
pc = 28    @   + $1 1 $10
 $0 = 0
 $1 = 4
 $2 = 5
 $3 = 0
 $4 = 0
 $5 = 20
 $6 = 11
 $7 = 1
 $8 = 0
 $9 = 5
 $10 = 5
pc = 29    @   = $10 $1
 $0 = 0
 $1 = 5
 $2 = 5
 $3 = 0
 $4 = 0
 $5 = 20
 $6 = 11
 $7 = 1
 $8 = 0
 $9 = 5
 $10 = 5
pc = 30    @   goto :while_start5
 $0 = 0
 $1 = 5
 $2 = 5
 $3 = 0
 $4 = 0
 $5 = 20
 $6 = 11
 $7 = 1
 $8 = 0
 $9 = 5
 $10 = 5
pc = 16    @   <= $1 5 $7
 $0 = 0
 $1 = 5
 $2 = 5
 $3 = 0
 $4 = 0
 $5 = 20
 $6 = 11
 $7 = 1
 $8 = 0
 $9 = 5
 $10 = 5
pc = 17    @   if! $7 :while_end6
 $0 = 0
 $1 = 5
 $2 = 5
 $3 = 0
 $4 = 0
 $5 = 20
 $6 = 11
 $7 = 1
 $8 = 0
 $9 = 5
 $10 = 5
pc = 18    @   = 1 $2
 $0 = 0
 $1 = 5
 $2 = 1
 $3 = 0
 $4 = 0
 $5 = 20
 $6 = 11
 $7 = 1
 $8 = 0
 $9 = 5
 $10 = 5
pc = 19    @   <= $2 $1 $8
 $0 = 0
 $1 = 5
 $2 = 1
 $3 = 0
 $4 = 0
 $5 = 20
 $6 = 11
 $7 = 1
 $8 = 1
 $9 = 5
 $10 = 5
pc = 20    @   if! $8 :while_end8
 $0 = 0
 $1 = 5
 $2 = 1
 $3 = 0
 $4 = 0
 $5 = 20
 $6 = 11
 $7 = 1
 $8 = 1
 $9 = 5
 $10 = 5
pc = 21    @   param :str9
 $0 = 0
 $1 = 5
 $2 = 1
 $3 = 0
 $4 = 0
 $5 = 20
 $6 = 11
 $7 = 1
 $8 = 1
 $9 = 5
 $10 = 5
pc = 22    @   call :print
* $0 = 0
 $1 = 5
 $2 = 1
 $3 = 0
 $4 = 0
 $5 = 20
 $6 = 11
 $7 = 1
 $8 = 1
 $9 = 5
 $10 = 5
pc = 23    @   + $2 1 $9
 $0 = 0
 $1 = 5
 $2 = 1
 $3 = 0
 $4 = 0
 $5 = 20
 $6 = 11
 $7 = 1
 $8 = 1
 $9 = 2
 $10 = 5
pc = 24    @   = $9 $2
 $0 = 0
 $1 = 5
 $2 = 2
 $3 = 0
 $4 = 0
 $5 = 20
 $6 = 11
 $7 = 1
 $8 = 1
 $9 = 2
 $10 = 5
pc = 25    @   goto :while_start7
 $0 = 0
 $1 = 5
 $2 = 2
 $3 = 0
 $4 = 0
 $5 = 20
 $6 = 11
 $7 = 1
 $8 = 1
 $9 = 2
 $10 = 5
pc = 19    @   <= $2 $1 $8
 $0 = 0
 $1 = 5
 $2 = 2
 $3 = 0
 $4 = 0
 $5 = 20
 $6 = 11
 $7 = 1
 $8 = 1
 $9 = 2
 $10 = 5
pc = 20    @   if! $8 :while_end8
 $0 = 0
 $1 = 5
 $2 = 2
 $3 = 0
 $4 = 0
 $5 = 20
 $6 = 11
 $7 = 1
 $8 = 1
 $9 = 2
 $10 = 5
pc = 21    @   param :str9
 $0 = 0
 $1 = 5
 $2 = 2
 $3 = 0
 $4 = 0
 $5 = 20
 $6 = 11
 $7 = 1
 $8 = 1
 $9 = 2
 $10 = 5
pc = 22    @   call :print
* $0 = 0
 $1 = 5
 $2 = 2
 $3 = 0
 $4 = 0
 $5 = 20
 $6 = 11
 $7 = 1
 $8 = 1
 $9 = 2
 $10 = 5
pc = 23    @   + $2 1 $9
 $0 = 0
 $1 = 5
 $2 = 2
 $3 = 0
 $4 = 0
 $5 = 20
 $6 = 11
 $7 = 1
 $8 = 1
 $9 = 3
 $10 = 5
pc = 24    @   = $9 $2
 $0 = 0
 $1 = 5
 $2 = 3
 $3 = 0
 $4 = 0
 $5 = 20
 $6 = 11
 $7 = 1
 $8 = 1
 $9 = 3
 $10 = 5
pc = 25    @   goto :while_start7
 $0 = 0
 $1 = 5
 $2 = 3
 $3 = 0
 $4 = 0
 $5 = 20
 $6 = 11
 $7 = 1
 $8 = 1
 $9 = 3
 $10 = 5
pc = 19    @   <= $2 $1 $8
 $0 = 0
 $1 = 5
 $2 = 3
 $3 = 0
 $4 = 0
 $5 = 20
 $6 = 11
 $7 = 1
 $8 = 1
 $9 = 3
 $10 = 5
pc = 20    @   if! $8 :while_end8
 $0 = 0
 $1 = 5
 $2 = 3
 $3 = 0
 $4 = 0
 $5 = 20
 $6 = 11
 $7 = 1
 $8 = 1
 $9 = 3
 $10 = 5
pc = 21    @   param :str9
 $0 = 0
 $1 = 5
 $2 = 3
 $3 = 0
 $4 = 0
 $5 = 20
 $6 = 11
 $7 = 1
 $8 = 1
 $9 = 3
 $10 = 5
pc = 22    @   call :print
* $0 = 0
 $1 = 5
 $2 = 3
 $3 = 0
 $4 = 0
 $5 = 20
 $6 = 11
 $7 = 1
 $8 = 1
 $9 = 3
 $10 = 5
pc = 23    @   + $2 1 $9
 $0 = 0
 $1 = 5
 $2 = 3
 $3 = 0
 $4 = 0
 $5 = 20
 $6 = 11
 $7 = 1
 $8 = 1
 $9 = 4
 $10 = 5
pc = 24    @   = $9 $2
 $0 = 0
 $1 = 5
 $2 = 4
 $3 = 0
 $4 = 0
 $5 = 20
 $6 = 11
 $7 = 1
 $8 = 1
 $9 = 4
 $10 = 5
pc = 25    @   goto :while_start7
 $0 = 0
 $1 = 5
 $2 = 4
 $3 = 0
 $4 = 0
 $5 = 20
 $6 = 11
 $7 = 1
 $8 = 1
 $9 = 4
 $10 = 5
pc = 19    @   <= $2 $1 $8
 $0 = 0
 $1 = 5
 $2 = 4
 $3 = 0
 $4 = 0
 $5 = 20
 $6 = 11
 $7 = 1
 $8 = 1
 $9 = 4
 $10 = 5
pc = 20    @   if! $8 :while_end8
 $0 = 0
 $1 = 5
 $2 = 4
 $3 = 0
 $4 = 0
 $5 = 20
 $6 = 11
 $7 = 1
 $8 = 1
 $9 = 4
 $10 = 5
pc = 21    @   param :str9
 $0 = 0
 $1 = 5
 $2 = 4
 $3 = 0
 $4 = 0
 $5 = 20
 $6 = 11
 $7 = 1
 $8 = 1
 $9 = 4
 $10 = 5
pc = 22    @   call :print
* $0 = 0
 $1 = 5
 $2 = 4
 $3 = 0
 $4 = 0
 $5 = 20
 $6 = 11
 $7 = 1
 $8 = 1
 $9 = 4
 $10 = 5
pc = 23    @   + $2 1 $9
 $0 = 0
 $1 = 5
 $2 = 4
 $3 = 0
 $4 = 0
 $5 = 20
 $6 = 11
 $7 = 1
 $8 = 1
 $9 = 5
 $10 = 5
pc = 24    @   = $9 $2
 $0 = 0
 $1 = 5
 $2 = 5
 $3 = 0
 $4 = 0
 $5 = 20
 $6 = 11
 $7 = 1
 $8 = 1
 $9 = 5
 $10 = 5
pc = 25    @   goto :while_start7
 $0 = 0
 $1 = 5
 $2 = 5
 $3 = 0
 $4 = 0
 $5 = 20
 $6 = 11
 $7 = 1
 $8 = 1
 $9 = 5
 $10 = 5
pc = 19    @   <= $2 $1 $8
 $0 = 0
 $1 = 5
 $2 = 5
 $3 = 0
 $4 = 0
 $5 = 20
 $6 = 11
 $7 = 1
 $8 = 1
 $9 = 5
 $10 = 5
pc = 20    @   if! $8 :while_end8
 $0 = 0
 $1 = 5
 $2 = 5
 $3 = 0
 $4 = 0
 $5 = 20
 $6 = 11
 $7 = 1
 $8 = 1
 $9 = 5
 $10 = 5
pc = 21    @   param :str9
 $0 = 0
 $1 = 5
 $2 = 5
 $3 = 0
 $4 = 0
 $5 = 20
 $6 = 11
 $7 = 1
 $8 = 1
 $9 = 5
 $10 = 5
pc = 22    @   call :print
* $0 = 0
 $1 = 5
 $2 = 5
 $3 = 0
 $4 = 0
 $5 = 20
 $6 = 11
 $7 = 1
 $8 = 1
 $9 = 5
 $10 = 5
pc = 23    @   + $2 1 $9
 $0 = 0
 $1 = 5
 $2 = 5
 $3 = 0
 $4 = 0
 $5 = 20
 $6 = 11
 $7 = 1
 $8 = 1
 $9 = 6
 $10 = 5
pc = 24    @   = $9 $2
 $0 = 0
 $1 = 5
 $2 = 6
 $3 = 0
 $4 = 0
 $5 = 20
 $6 = 11
 $7 = 1
 $8 = 1
 $9 = 6
 $10 = 5
pc = 25    @   goto :while_start7
 $0 = 0
 $1 = 5
 $2 = 6
 $3 = 0
 $4 = 0
 $5 = 20
 $6 = 11
 $7 = 1
 $8 = 1
 $9 = 6
 $10 = 5
pc = 19    @   <= $2 $1 $8
 $0 = 0
 $1 = 5
 $2 = 6
 $3 = 0
 $4 = 0
 $5 = 20
 $6 = 11
 $7 = 1
 $8 = 0
 $9 = 6
 $10 = 5
pc = 20    @   if! $8 :while_end8
 $0 = 0
 $1 = 5
 $2 = 6
 $3 = 0
 $4 = 0
 $5 = 20
 $6 = 11
 $7 = 1
 $8 = 0
 $9 = 6
 $10 = 5
pc = 26    @   param :str4
 $0 = 0
 $1 = 5
 $2 = 6
 $3 = 0
 $4 = 0
 $5 = 20
 $6 = 11
 $7 = 1
 $8 = 0
 $9 = 6
 $10 = 5
pc = 27    @   call :println

 $0 = 0
 $1 = 5
 $2 = 6
 $3 = 0
 $4 = 0
 $5 = 20
 $6 = 11
 $7 = 1
 $8 = 0
 $9 = 6
 $10 = 5
pc = 28    @   + $1 1 $10
 $0 = 0
 $1 = 5
 $2 = 6
 $3 = 0
 $4 = 0
 $5 = 20
 $6 = 11
 $7 = 1
 $8 = 0
 $9 = 6
 $10 = 6
pc = 29    @   = $10 $1
 $0 = 0
 $1 = 6
 $2 = 6
 $3 = 0
 $4 = 0
 $5 = 20
 $6 = 11
 $7 = 1
 $8 = 0
 $9 = 6
 $10 = 6
pc = 30    @   goto :while_start5
 $0 = 0
 $1 = 6
 $2 = 6
 $3 = 0
 $4 = 0
 $5 = 20
 $6 = 11
 $7 = 1
 $8 = 0
 $9 = 6
 $10 = 6
pc = 16    @   <= $1 5 $7
 $0 = 0
 $1 = 6
 $2 = 6
 $3 = 0
 $4 = 0
 $5 = 20
 $6 = 11
 $7 = 0
 $8 = 0
 $9 = 6
 $10 = 6
pc = 17    @   if! $7 :while_end6
 $0 = 0
 $1 = 6
 $2 = 6
 $3 = 0
 $4 = 0
 $5 = 20
 $6 = 11
 $7 = 0
 $8 = 0
 $9 = 6
 $10 = 6
pc = 31    @   ret 
 $0 = 0
 $1 = 6
 $2 = 6
 $3 = 0
 $4 = 0
 $5 = 20
 $6 = 11
 $7 = 0
 $8 = 0
 $9 = 6
 $10 = 6
HALTED
 $0 = 0
 $1 = 6
 $2 = 6
 $3 = 0
 $4 = 0
 $5 = 20
 $6 = 11
 $7 = 0
 $8 = 0
 $9 = 6
 $10 = 6
