pc = 0    @   goto :_ic_main
pc = 7    @   param 4
pc = 8    @   param 6
pc = 9    @   call :A_print_sum
 $0 = 4
 $1 = 6
pc = 1    @   + $0 $1 $2
 $0 = 4
 $1 = 6
 $2 = 10
pc = 2    @   param $2
 $0 = 4
 $1 = 6
 $2 = 10
pc = 3    @   call :printi
10 $0 = 4
 $1 = 6
 $2 = 10
pc = 4    @   param :str1
 $0 = 4
 $1 = 6
 $2 = 10
pc = 5    @   call :println

 $0 = 4
 $1 = 6
 $2 = 10
pc = 6    @   ret 
pc = 10    @   + 4 6 $1
 $0 = 0
 $1 = 10
pc = 11    @   + 5 5 $2
 $0 = 0
 $1 = 10
 $2 = 10
pc = 12    @   param $1
 $0 = 0
 $1 = 10
 $2 = 10
pc = 13    @   param $2
 $0 = 0
 $1 = 10
 $2 = 10
pc = 14    @   call :A_print_sum
 $0 = 10
 $1 = 10
pc = 1    @   + $0 $1 $2
 $0 = 10
 $1 = 10
 $2 = 20
pc = 2    @   param $2
 $0 = 10
 $1 = 10
 $2 = 20
pc = 3    @   call :printi
20 $0 = 10
 $1 = 10
 $2 = 20
pc = 4    @   param :str1
 $0 = 10
 $1 = 10
 $2 = 20
pc = 5    @   call :println

 $0 = 10
 $1 = 10
 $2 = 20
pc = 6    @   ret 
 $0 = 0
 $1 = 10
 $2 = 10
pc = 15    @   param 1
 $0 = 0
 $1 = 10
 $2 = 10
pc = 16    @   param 2
 $0 = 0
 $1 = 10
 $2 = 10
pc = 17    @   call :A_print_sum
 $0 = 1
 $1 = 2
pc = 1    @   + $0 $1 $2
 $0 = 1
 $1 = 2
 $2 = 3
pc = 2    @   param $2
 $0 = 1
 $1 = 2
 $2 = 3
pc = 3    @   call :printi
3 $0 = 1
 $1 = 2
 $2 = 3
pc = 4    @   param :str1
 $0 = 1
 $1 = 2
 $2 = 3
pc = 5    @   call :println

 $0 = 1
 $1 = 2
 $2 = 3
pc = 6    @   ret 
 $0 = 0
 $1 = 10
 $2 = 10
pc = 18    @   ret 
 $0 = 0
 $1 = 10
 $2 = 10
HALTED
 $0 = 0
 $1 = 10
 $2 = 10
