pc = 0    @   goto :_ic_main
pc = 21    @   param 3
pc = 22    @   call :A_calc_print_atzeret $1
 $0 = 3
pc = 1    @   <= $0 1 $1
 $0 = 3
 $1 = 0
pc = 2    @   if! $1 :else2
 $0 = 3
 $1 = 0
pc = 9    @   - $0 1 $3
 $0 = 3
 $1 = 0
 $2 = 0
 $3 = 2
pc = 10    @   param $3
 $0 = 3
 $1 = 0
 $2 = 0
 $3 = 2
pc = 11    @   call :A_calc_print_atzeret $4
 $0 = 2
pc = 1    @   <= $0 1 $1
 $0 = 2
 $1 = 0
pc = 2    @   if! $1 :else2
 $0 = 2
 $1 = 0
pc = 9    @   - $0 1 $3
 $0 = 2
 $1 = 0
 $2 = 0
 $3 = 1
pc = 10    @   param $3
 $0 = 2
 $1 = 0
 $2 = 0
 $3 = 1
pc = 11    @   call :A_calc_print_atzeret $4
 $0 = 1
pc = 1    @   <= $0 1 $1
 $0 = 1
 $1 = 1
pc = 2    @   if! $1 :else2
 $0 = 1
 $1 = 1
pc = 3    @   param $0
 $0 = 1
 $1 = 1
pc = 4    @   call :printi
1 $0 = 1
 $1 = 1
pc = 5    @   param :str3
 $0 = 1
 $1 = 1
pc = 6    @   call :print
  $0 = 1
 $1 = 1
pc = 7    @   ret $0
 $0 = 2
 $1 = 0
 $2 = 0
 $3 = 1
 $4 = 1
pc = 12    @   = $4 $2
 $0 = 2
 $1 = 0
 $2 = 1
 $3 = 1
 $4 = 1
pc = 13    @   * $2 $0 $5
 $0 = 2
 $1 = 0
 $2 = 1
 $3 = 1
 $4 = 1
 $5 = 2
pc = 14    @   = $5 $2
 $0 = 2
 $1 = 0
 $2 = 2
 $3 = 1
 $4 = 1
 $5 = 2
pc = 15    @   param $2
 $0 = 2
 $1 = 0
 $2 = 2
 $3 = 1
 $4 = 1
 $5 = 2
pc = 16    @   call :printi
2 $0 = 2
 $1 = 0
 $2 = 2
 $3 = 1
 $4 = 1
 $5 = 2
pc = 17    @   param :str3
 $0 = 2
 $1 = 0
 $2 = 2
 $3 = 1
 $4 = 1
 $5 = 2
pc = 18    @   call :print
  $0 = 2
 $1 = 0
 $2 = 2
 $3 = 1
 $4 = 1
 $5 = 2
pc = 19    @   ret $2
 $0 = 3
 $1 = 0
 $2 = 0
 $3 = 2
 $4 = 2
pc = 12    @   = $4 $2
 $0 = 3
 $1 = 0
 $2 = 2
 $3 = 2
 $4 = 2
pc = 13    @   * $2 $0 $5
 $0 = 3
 $1 = 0
 $2 = 2
 $3 = 2
 $4 = 2
 $5 = 6
pc = 14    @   = $5 $2
 $0 = 3
 $1 = 0
 $2 = 6
 $3 = 2
 $4 = 2
 $5 = 6
pc = 15    @   param $2
 $0 = 3
 $1 = 0
 $2 = 6
 $3 = 2
 $4 = 2
 $5 = 6
pc = 16    @   call :printi
6 $0 = 3
 $1 = 0
 $2 = 6
 $3 = 2
 $4 = 2
 $5 = 6
pc = 17    @   param :str3
 $0 = 3
 $1 = 0
 $2 = 6
 $3 = 2
 $4 = 2
 $5 = 6
pc = 18    @   call :print
  $0 = 3
 $1 = 0
 $2 = 6
 $3 = 2
 $4 = 2
 $5 = 6
pc = 19    @   ret $2
 $0 = 0
 $1 = 6
pc = 23    @   param :str4
 $0 = 0
 $1 = 6
pc = 24    @   call :println

 $0 = 0
 $1 = 6
pc = 25    @   param 5
 $0 = 0
 $1 = 6
pc = 26    @   call :A_calc_print_atzeret $2
 $0 = 5
pc = 1    @   <= $0 1 $1
 $0 = 5
 $1 = 0
pc = 2    @   if! $1 :else2
 $0 = 5
 $1 = 0
pc = 9    @   - $0 1 $3
 $0 = 5
 $1 = 0
 $2 = 0
 $3 = 4
pc = 10    @   param $3
 $0 = 5
 $1 = 0
 $2 = 0
 $3 = 4
pc = 11    @   call :A_calc_print_atzeret $4
 $0 = 4
pc = 1    @   <= $0 1 $1
 $0 = 4
 $1 = 0
pc = 2    @   if! $1 :else2
 $0 = 4
 $1 = 0
pc = 9    @   - $0 1 $3
 $0 = 4
 $1 = 0
 $2 = 0
 $3 = 3
pc = 10    @   param $3
 $0 = 4
 $1 = 0
 $2 = 0
 $3 = 3
pc = 11    @   call :A_calc_print_atzeret $4
 $0 = 3
pc = 1    @   <= $0 1 $1
 $0 = 3
 $1 = 0
pc = 2    @   if! $1 :else2
 $0 = 3
 $1 = 0
pc = 9    @   - $0 1 $3
 $0 = 3
 $1 = 0
 $2 = 0
 $3 = 2
pc = 10    @   param $3
 $0 = 3
 $1 = 0
 $2 = 0
 $3 = 2
pc = 11    @   call :A_calc_print_atzeret $4
 $0 = 2
pc = 1    @   <= $0 1 $1
 $0 = 2
 $1 = 0
pc = 2    @   if! $1 :else2
 $0 = 2
 $1 = 0
pc = 9    @   - $0 1 $3
 $0 = 2
 $1 = 0
 $2 = 0
 $3 = 1
pc = 10    @   param $3
 $0 = 2
 $1 = 0
 $2 = 0
 $3 = 1
pc = 11    @   call :A_calc_print_atzeret $4
 $0 = 1
pc = 1    @   <= $0 1 $1
 $0 = 1
 $1 = 1
pc = 2    @   if! $1 :else2
 $0 = 1
 $1 = 1
pc = 3    @   param $0
 $0 = 1
 $1 = 1
pc = 4    @   call :printi
1 $0 = 1
 $1 = 1
pc = 5    @   param :str3
 $0 = 1
 $1 = 1
pc = 6    @   call :print
  $0 = 1
 $1 = 1
pc = 7    @   ret $0
 $0 = 2
 $1 = 0
 $2 = 0
 $3 = 1
 $4 = 1
pc = 12    @   = $4 $2
 $0 = 2
 $1 = 0
 $2 = 1
 $3 = 1
 $4 = 1
pc = 13    @   * $2 $0 $5
 $0 = 2
 $1 = 0
 $2 = 1
 $3 = 1
 $4 = 1
 $5 = 2
pc = 14    @   = $5 $2
 $0 = 2
 $1 = 0
 $2 = 2
 $3 = 1
 $4 = 1
 $5 = 2
pc = 15    @   param $2
 $0 = 2
 $1 = 0
 $2 = 2
 $3 = 1
 $4 = 1
 $5 = 2
pc = 16    @   call :printi
2 $0 = 2
 $1 = 0
 $2 = 2
 $3 = 1
 $4 = 1
 $5 = 2
pc = 17    @   param :str3
 $0 = 2
 $1 = 0
 $2 = 2
 $3 = 1
 $4 = 1
 $5 = 2
pc = 18    @   call :print
  $0 = 2
 $1 = 0
 $2 = 2
 $3 = 1
 $4 = 1
 $5 = 2
pc = 19    @   ret $2
 $0 = 3
 $1 = 0
 $2 = 0
 $3 = 2
 $4 = 2
pc = 12    @   = $4 $2
 $0 = 3
 $1 = 0
 $2 = 2
 $3 = 2
 $4 = 2
pc = 13    @   * $2 $0 $5
 $0 = 3
 $1 = 0
 $2 = 2
 $3 = 2
 $4 = 2
 $5 = 6
pc = 14    @   = $5 $2
 $0 = 3
 $1 = 0
 $2 = 6
 $3 = 2
 $4 = 2
 $5 = 6
pc = 15    @   param $2
 $0 = 3
 $1 = 0
 $2 = 6
 $3 = 2
 $4 = 2
 $5 = 6
pc = 16    @   call :printi
6 $0 = 3
 $1 = 0
 $2 = 6
 $3 = 2
 $4 = 2
 $5 = 6
pc = 17    @   param :str3
 $0 = 3
 $1 = 0
 $2 = 6
 $3 = 2
 $4 = 2
 $5 = 6
pc = 18    @   call :print
  $0 = 3
 $1 = 0
 $2 = 6
 $3 = 2
 $4 = 2
 $5 = 6
pc = 19    @   ret $2
 $0 = 4
 $1 = 0
 $2 = 0
 $3 = 3
 $4 = 6
pc = 12    @   = $4 $2
 $0 = 4
 $1 = 0
 $2 = 6
 $3 = 3
 $4 = 6
pc = 13    @   * $2 $0 $5
 $0 = 4
 $1 = 0
 $2 = 6
 $3 = 3
 $4 = 6
 $5 = 24
pc = 14    @   = $5 $2
 $0 = 4
 $1 = 0
 $2 = 24
 $3 = 3
 $4 = 6
 $5 = 24
pc = 15    @   param $2
 $0 = 4
 $1 = 0
 $2 = 24
 $3 = 3
 $4 = 6
 $5 = 24
pc = 16    @   call :printi
24 $0 = 4
 $1 = 0
 $2 = 24
 $3 = 3
 $4 = 6
 $5 = 24
pc = 17    @   param :str3
 $0 = 4
 $1 = 0
 $2 = 24
 $3 = 3
 $4 = 6
 $5 = 24
pc = 18    @   call :print
  $0 = 4
 $1 = 0
 $2 = 24
 $3 = 3
 $4 = 6
 $5 = 24
pc = 19    @   ret $2
 $0 = 5
 $1 = 0
 $2 = 0
 $3 = 4
 $4 = 24
pc = 12    @   = $4 $2
 $0 = 5
 $1 = 0
 $2 = 24
 $3 = 4
 $4 = 24
pc = 13    @   * $2 $0 $5
 $0 = 5
 $1 = 0
 $2 = 24
 $3 = 4
 $4 = 24
 $5 = 120
pc = 14    @   = $5 $2
 $0 = 5
 $1 = 0
 $2 = 120
 $3 = 4
 $4 = 24
 $5 = 120
pc = 15    @   param $2
 $0 = 5
 $1 = 0
 $2 = 120
 $3 = 4
 $4 = 24
 $5 = 120
pc = 16    @   call :printi
120 $0 = 5
 $1 = 0
 $2 = 120
 $3 = 4
 $4 = 24
 $5 = 120
pc = 17    @   param :str3
 $0 = 5
 $1 = 0
 $2 = 120
 $3 = 4
 $4 = 24
 $5 = 120
pc = 18    @   call :print
  $0 = 5
 $1 = 0
 $2 = 120
 $3 = 4
 $4 = 24
 $5 = 120
pc = 19    @   ret $2
 $0 = 0
 $1 = 6
 $2 = 120
pc = 27    @   param :str4
 $0 = 0
 $1 = 6
 $2 = 120
pc = 28    @   call :println

 $0 = 0
 $1 = 6
 $2 = 120
pc = 29    @   ret 
 $0 = 0
 $1 = 6
 $2 = 120
HALTED
 $0 = 0
 $1 = 6
 $2 = 120
