pc = 0    @   goto :_ic_main
pc = 1    @   = :str1 $1
 $0 = 0
 $1 = 1
pc = 2    @   = :str2 $2
 $0 = 0
 $1 = 1
 $2 = 3
pc = 3    @   = :str3 $3
 $0 = 0
 $1 = 1
 $2 = 3
 $3 = 5
pc = 4    @   param $1
 $0 = 0
 $1 = 1
 $2 = 3
 $3 = 5
pc = 5    @   call :println
a
 $0 = 0
 $1 = 1
 $2 = 3
 $3 = 5
pc = 6    @   param $1
 $0 = 0
 $1 = 1
 $2 = 3
 $3 = 5
pc = 7    @   param $2
 $0 = 0
 $1 = 1
 $2 = 3
 $3 = 5
pc = 8    @   call :stringCat $4
 $0 = 0
 $1 = 1
 $2 = 3
 $3 = 5
 $4 = 122
pc = 9    @   param $4
 $0 = 0
 $1 = 1
 $2 = 3
 $3 = 5
 $4 = 122
pc = 10    @   call :println
ab
 $0 = 0
 $1 = 1
 $2 = 3
 $3 = 5
 $4 = 122
pc = 11    @   param $3
 $0 = 0
 $1 = 1
 $2 = 3
 $3 = 5
 $4 = 122
pc = 12    @   param $2
 $0 = 0
 $1 = 1
 $2 = 3
 $3 = 5
 $4 = 122
pc = 13    @   call :stringCat $6
 $0 = 0
 $1 = 1
 $2 = 3
 $3 = 5
 $4 = 122
 $5 = 0
 $6 = 125
pc = 14    @   param $6
 $0 = 0
 $1 = 1
 $2 = 3
 $3 = 5
 $4 = 122
 $5 = 0
 $6 = 125
pc = 15    @   param $1
 $0 = 0
 $1 = 1
 $2 = 3
 $3 = 5
 $4 = 122
 $5 = 0
 $6 = 125
pc = 16    @   call :stringCat $5
 $0 = 0
 $1 = 1
 $2 = 3
 $3 = 5
 $4 = 122
 $5 = 128
 $6 = 125
pc = 17    @   param $5
 $0 = 0
 $1 = 1
 $2 = 3
 $3 = 5
 $4 = 122
 $5 = 128
 $6 = 125
pc = 18    @   call :println
cba
 $0 = 0
 $1 = 1
 $2 = 3
 $3 = 5
 $4 = 122
 $5 = 128
 $6 = 125
pc = 19    @   param $1
 $0 = 0
 $1 = 1
 $2 = 3
 $3 = 5
 $4 = 122
 $5 = 128
 $6 = 125
pc = 20    @   param $2
 $0 = 0
 $1 = 1
 $2 = 3
 $3 = 5
 $4 = 122
 $5 = 128
 $6 = 125
pc = 21    @   call :stringCat $8
 $0 = 0
 $1 = 1
 $2 = 3
 $3 = 5
 $4 = 122
 $5 = 128
 $6 = 125
 $7 = 0
 $8 = 132
pc = 22    @   param $8
 $0 = 0
 $1 = 1
 $2 = 3
 $3 = 5
 $4 = 122
 $5 = 128
 $6 = 125
 $7 = 0
 $8 = 132
pc = 23    @   call :IFS_len $9
 $0 = 132
pc = 79    @   param $0
 $0 = 132
pc = 80    @   call :stoa $1
 $0 = 132
 $1 = 135
pc = 81    @   if $1 :endCheck18
 $0 = 132
 $1 = 135
pc = 86    @   [] $1 $2
 $0 = 132
 $1 = 135
 $2 = 2
pc = 87    @   ret $2
 $0 = 0
 $1 = 1
 $2 = 3
 $3 = 5
 $4 = 122
 $5 = 128
 $6 = 125
 $7 = 0
 $8 = 132
 $9 = 2
pc = 24    @   param :str5
 $0 = 0
 $1 = 1
 $2 = 3
 $3 = 5
 $4 = 122
 $5 = 128
 $6 = 125
 $7 = 0
 $8 = 132
 $9 = 2
pc = 25    @   call :IFS_len $10
 $0 = 7
pc = 79    @   param $0
 $0 = 7
pc = 80    @   call :stoa $1
 $0 = 7
 $1 = 138
pc = 81    @   if $1 :endCheck18
 $0 = 7
 $1 = 138
pc = 86    @   [] $1 $2
 $0 = 7
 $1 = 138
 $2 = 2
pc = 87    @   ret $2
 $0 = 0
 $1 = 1
 $2 = 3
 $3 = 5
 $4 = 122
 $5 = 128
 $6 = 125
 $7 = 0
 $8 = 132
 $9 = 2
 $10 = 2
pc = 26    @   == $9 $10 $7
 $0 = 0
 $1 = 1
 $2 = 3
 $3 = 5
 $4 = 122
 $5 = 128
 $6 = 125
 $7 = 1
 $8 = 132
 $9 = 2
 $10 = 2
pc = 27    @   if! $7 :endif4
 $0 = 0
 $1 = 1
 $2 = 3
 $3 = 5
 $4 = 122
 $5 = 128
 $6 = 125
 $7 = 1
 $8 = 132
 $9 = 2
 $10 = 2
pc = 28    @   param :str6
 $0 = 0
 $1 = 1
 $2 = 3
 $3 = 5
 $4 = 122
 $5 = 128
 $6 = 125
 $7 = 1
 $8 = 132
 $9 = 2
 $10 = 2
pc = 29    @   call :println
equals1
 $0 = 0
 $1 = 1
 $2 = 3
 $3 = 5
 $4 = 122
 $5 = 128
 $6 = 125
 $7 = 1
 $8 = 132
 $9 = 2
 $10 = 2
pc = 30    @   param :str5
 $0 = 0
 $1 = 1
 $2 = 3
 $3 = 5
 $4 = 122
 $5 = 128
 $6 = 125
 $7 = 1
 $8 = 132
 $9 = 2
 $10 = 2
pc = 31    @   call :IFS_len $12
 $0 = 7
pc = 79    @   param $0
 $0 = 7
pc = 80    @   call :stoa $1
 $0 = 7
 $1 = 141
pc = 81    @   if $1 :endCheck18
 $0 = 7
 $1 = 141
pc = 86    @   [] $1 $2
 $0 = 7
 $1 = 141
 $2 = 2
pc = 87    @   ret $2
 $0 = 0
 $1 = 1
 $2 = 3
 $3 = 5
 $4 = 122
 $5 = 128
 $6 = 125
 $7 = 1
 $8 = 132
 $9 = 2
 $10 = 2
 $11 = 0
 $12 = 2
pc = 32    @   param :str5
 $0 = 0
 $1 = 1
 $2 = 3
 $3 = 5
 $4 = 122
 $5 = 128
 $6 = 125
 $7 = 1
 $8 = 132
 $9 = 2
 $10 = 2
 $11 = 0
 $12 = 2
pc = 33    @   call :IFS_len $13
 $0 = 7
pc = 79    @   param $0
 $0 = 7
pc = 80    @   call :stoa $1
 $0 = 7
 $1 = 144
pc = 81    @   if $1 :endCheck18
 $0 = 7
 $1 = 144
pc = 86    @   [] $1 $2
 $0 = 7
 $1 = 144
 $2 = 2
pc = 87    @   ret $2
 $0 = 0
 $1 = 1
 $2 = 3
 $3 = 5
 $4 = 122
 $5 = 128
 $6 = 125
 $7 = 1
 $8 = 132
 $9 = 2
 $10 = 2
 $11 = 0
 $12 = 2
 $13 = 2
pc = 34    @   == $12 $13 $11
 $0 = 0
 $1 = 1
 $2 = 3
 $3 = 5
 $4 = 122
 $5 = 128
 $6 = 125
 $7 = 1
 $8 = 132
 $9 = 2
 $10 = 2
 $11 = 1
 $12 = 2
 $13 = 2
pc = 35    @   if! $11 :endif7
 $0 = 0
 $1 = 1
 $2 = 3
 $3 = 5
 $4 = 122
 $5 = 128
 $6 = 125
 $7 = 1
 $8 = 132
 $9 = 2
 $10 = 2
 $11 = 1
 $12 = 2
 $13 = 2
pc = 36    @   param :str8
 $0 = 0
 $1 = 1
 $2 = 3
 $3 = 5
 $4 = 122
 $5 = 128
 $6 = 125
 $7 = 1
 $8 = 132
 $9 = 2
 $10 = 2
 $11 = 1
 $12 = 2
 $13 = 2
pc = 37    @   call :println
equals2
 $0 = 0
 $1 = 1
 $2 = 3
 $3 = 5
 $4 = 122
 $5 = 128
 $6 = 125
 $7 = 1
 $8 = 132
 $9 = 2
 $10 = 2
 $11 = 1
 $12 = 2
 $13 = 2
pc = 38    @   param $1
 $0 = 0
 $1 = 1
 $2 = 3
 $3 = 5
 $4 = 122
 $5 = 128
 $6 = 125
 $7 = 1
 $8 = 132
 $9 = 2
 $10 = 2
 $11 = 1
 $12 = 2
 $13 = 2
pc = 39    @   param $2
 $0 = 0
 $1 = 1
 $2 = 3
 $3 = 5
 $4 = 122
 $5 = 128
 $6 = 125
 $7 = 1
 $8 = 132
 $9 = 2
 $10 = 2
 $11 = 1
 $12 = 2
 $13 = 2
pc = 40    @   call :stringCat $15
 $0 = 0
 $1 = 1
 $2 = 3
 $3 = 5
 $4 = 122
 $5 = 128
 $6 = 125
 $7 = 1
 $8 = 132
 $9 = 2
 $10 = 2
 $11 = 1
 $12 = 2
 $13 = 2
 $14 = 0
 $15 = 147
pc = 41    @   = $15 $14
 $0 = 0
 $1 = 1
 $2 = 3
 $3 = 5
 $4 = 122
 $5 = 128
 $6 = 125
 $7 = 1
 $8 = 132
 $9 = 2
 $10 = 2
 $11 = 1
 $12 = 2
 $13 = 2
 $14 = 147
 $15 = 147
pc = 42    @   param $14
 $0 = 0
 $1 = 1
 $2 = 3
 $3 = 5
 $4 = 122
 $5 = 128
 $6 = 125
 $7 = 1
 $8 = 132
 $9 = 2
 $10 = 2
 $11 = 1
 $12 = 2
 $13 = 2
 $14 = 147
 $15 = 147
pc = 43    @   call :IFS_len $17
 $0 = 147
pc = 79    @   param $0
 $0 = 147
pc = 80    @   call :stoa $1
 $0 = 147
 $1 = 150
pc = 81    @   if $1 :endCheck18
 $0 = 147
 $1 = 150
pc = 86    @   [] $1 $2
 $0 = 147
 $1 = 150
 $2 = 2
pc = 87    @   ret $2
 $0 = 0
 $1 = 1
 $2 = 3
 $3 = 5
 $4 = 122
 $5 = 128
 $6 = 125
 $7 = 1
 $8 = 132
 $9 = 2
 $10 = 2
 $11 = 1
 $12 = 2
 $13 = 2
 $14 = 147
 $15 = 147
 $16 = 0
 $17 = 2
pc = 44    @   param :str5
 $0 = 0
 $1 = 1
 $2 = 3
 $3 = 5
 $4 = 122
 $5 = 128
 $6 = 125
 $7 = 1
 $8 = 132
 $9 = 2
 $10 = 2
 $11 = 1
 $12 = 2
 $13 = 2
 $14 = 147
 $15 = 147
 $16 = 0
 $17 = 2
pc = 45    @   call :IFS_len $18
 $0 = 7
pc = 79    @   param $0
 $0 = 7
pc = 80    @   call :stoa $1
 $0 = 7
 $1 = 153
pc = 81    @   if $1 :endCheck18
 $0 = 7
 $1 = 153
pc = 86    @   [] $1 $2
 $0 = 7
 $1 = 153
 $2 = 2
pc = 87    @   ret $2
 $0 = 0
 $1 = 1
 $2 = 3
 $3 = 5
 $4 = 122
 $5 = 128
 $6 = 125
 $7 = 1
 $8 = 132
 $9 = 2
 $10 = 2
 $11 = 1
 $12 = 2
 $13 = 2
 $14 = 147
 $15 = 147
 $16 = 0
 $17 = 2
 $18 = 2
pc = 46    @   == $17 $18 $16
 $0 = 0
 $1 = 1
 $2 = 3
 $3 = 5
 $4 = 122
 $5 = 128
 $6 = 125
 $7 = 1
 $8 = 132
 $9 = 2
 $10 = 2
 $11 = 1
 $12 = 2
 $13 = 2
 $14 = 147
 $15 = 147
 $16 = 1
 $17 = 2
 $18 = 2
pc = 47    @   if! $16 :endif9
 $0 = 0
 $1 = 1
 $2 = 3
 $3 = 5
 $4 = 122
 $5 = 128
 $6 = 125
 $7 = 1
 $8 = 132
 $9 = 2
 $10 = 2
 $11 = 1
 $12 = 2
 $13 = 2
 $14 = 147
 $15 = 147
 $16 = 1
 $17 = 2
 $18 = 2
pc = 48    @   param :str10
 $0 = 0
 $1 = 1
 $2 = 3
 $3 = 5
 $4 = 122
 $5 = 128
 $6 = 125
 $7 = 1
 $8 = 132
 $9 = 2
 $10 = 2
 $11 = 1
 $12 = 2
 $13 = 2
 $14 = 147
 $15 = 147
 $16 = 1
 $17 = 2
 $18 = 2
pc = 49    @   call :println
equals3
 $0 = 0
 $1 = 1
 $2 = 3
 $3 = 5
 $4 = 122
 $5 = 128
 $6 = 125
 $7 = 1
 $8 = 132
 $9 = 2
 $10 = 2
 $11 = 1
 $12 = 2
 $13 = 2
 $14 = 147
 $15 = 147
 $16 = 1
 $17 = 2
 $18 = 2
pc = 50    @   = $14 $19
 $0 = 0
 $1 = 1
 $2 = 3
 $3 = 5
 $4 = 122
 $5 = 128
 $6 = 125
 $7 = 1
 $8 = 132
 $9 = 2
 $10 = 2
 $11 = 1
 $12 = 2
 $13 = 2
 $14 = 147
 $15 = 147
 $16 = 1
 $17 = 2
 $18 = 2
 $19 = 147
pc = 51    @   == $19 $14 $20
 $0 = 0
 $1 = 1
 $2 = 3
 $3 = 5
 $4 = 122
 $5 = 128
 $6 = 125
 $7 = 1
 $8 = 132
 $9 = 2
 $10 = 2
 $11 = 1
 $12 = 2
 $13 = 2
 $14 = 147
 $15 = 147
 $16 = 1
 $17 = 2
 $18 = 2
 $19 = 147
 $20 = 1
pc = 52    @   if! $20 :endif11
 $0 = 0
 $1 = 1
 $2 = 3
 $3 = 5
 $4 = 122
 $5 = 128
 $6 = 125
 $7 = 1
 $8 = 132
 $9 = 2
 $10 = 2
 $11 = 1
 $12 = 2
 $13 = 2
 $14 = 147
 $15 = 147
 $16 = 1
 $17 = 2
 $18 = 2
 $19 = 147
 $20 = 1
pc = 53    @   param :str12
 $0 = 0
 $1 = 1
 $2 = 3
 $3 = 5
 $4 = 122
 $5 = 128
 $6 = 125
 $7 = 1
 $8 = 132
 $9 = 2
 $10 = 2
 $11 = 1
 $12 = 2
 $13 = 2
 $14 = 147
 $15 = 147
 $16 = 1
 $17 = 2
 $18 = 2
 $19 = 147
 $20 = 1
pc = 54    @   call :println
equals4
 $0 = 0
 $1 = 1
 $2 = 3
 $3 = 5
 $4 = 122
 $5 = 128
 $6 = 125
 $7 = 1
 $8 = 132
 $9 = 2
 $10 = 2
 $11 = 1
 $12 = 2
 $13 = 2
 $14 = 147
 $15 = 147
 $16 = 1
 $17 = 2
 $18 = 2
 $19 = 147
 $20 = 1
pc = 55    @   param $1
 $0 = 0
 $1 = 1
 $2 = 3
 $3 = 5
 $4 = 122
 $5 = 128
 $6 = 125
 $7 = 1
 $8 = 132
 $9 = 2
 $10 = 2
 $11 = 1
 $12 = 2
 $13 = 2
 $14 = 147
 $15 = 147
 $16 = 1
 $17 = 2
 $18 = 2
 $19 = 147
 $20 = 1
pc = 56    @   param $3
 $0 = 0
 $1 = 1
 $2 = 3
 $3 = 5
 $4 = 122
 $5 = 128
 $6 = 125
 $7 = 1
 $8 = 132
 $9 = 2
 $10 = 2
 $11 = 1
 $12 = 2
 $13 = 2
 $14 = 147
 $15 = 147
 $16 = 1
 $17 = 2
 $18 = 2
 $19 = 147
 $20 = 1
pc = 57    @   call :stringCat $22
 $0 = 0
 $1 = 1
 $2 = 3
 $3 = 5
 $4 = 122
 $5 = 128
 $6 = 125
 $7 = 1
 $8 = 132
 $9 = 2
 $10 = 2
 $11 = 1
 $12 = 2
 $13 = 2
 $14 = 147
 $15 = 147
 $16 = 1
 $17 = 2
 $18 = 2
 $19 = 147
 $20 = 1
 $21 = 0
 $22 = 156
pc = 58    @   param $22
 $0 = 0
 $1 = 1
 $2 = 3
 $3 = 5
 $4 = 122
 $5 = 128
 $6 = 125
 $7 = 1
 $8 = 132
 $9 = 2
 $10 = 2
 $11 = 1
 $12 = 2
 $13 = 2
 $14 = 147
 $15 = 147
 $16 = 1
 $17 = 2
 $18 = 2
 $19 = 147
 $20 = 1
 $21 = 0
 $22 = 156
pc = 59    @   call :IFS_len $23
 $0 = 156
pc = 79    @   param $0
 $0 = 156
pc = 80    @   call :stoa $1
 $0 = 156
 $1 = 159
pc = 81    @   if $1 :endCheck18
 $0 = 156
 $1 = 159
pc = 86    @   [] $1 $2
 $0 = 156
 $1 = 159
 $2 = 2
pc = 87    @   ret $2
 $0 = 0
 $1 = 1
 $2 = 3
 $3 = 5
 $4 = 122
 $5 = 128
 $6 = 125
 $7 = 1
 $8 = 132
 $9 = 2
 $10 = 2
 $11 = 1
 $12 = 2
 $13 = 2
 $14 = 147
 $15 = 147
 $16 = 1
 $17 = 2
 $18 = 2
 $19 = 147
 $20 = 1
 $21 = 0
 $22 = 156
 $23 = 2
pc = 60    @   param :str14
 $0 = 0
 $1 = 1
 $2 = 3
 $3 = 5
 $4 = 122
 $5 = 128
 $6 = 125
 $7 = 1
 $8 = 132
 $9 = 2
 $10 = 2
 $11 = 1
 $12 = 2
 $13 = 2
 $14 = 147
 $15 = 147
 $16 = 1
 $17 = 2
 $18 = 2
 $19 = 147
 $20 = 1
 $21 = 0
 $22 = 156
 $23 = 2
pc = 61    @   call :IFS_len $24
 $0 = 42
pc = 79    @   param $0
 $0 = 42
pc = 80    @   call :stoa $1
 $0 = 42
 $1 = 162
pc = 81    @   if $1 :endCheck18
 $0 = 42
 $1 = 162
pc = 86    @   [] $1 $2
 $0 = 42
 $1 = 162
 $2 = 3
pc = 87    @   ret $2
 $0 = 0
 $1 = 1
 $2 = 3
 $3 = 5
 $4 = 122
 $5 = 128
 $6 = 125
 $7 = 1
 $8 = 132
 $9 = 2
 $10 = 2
 $11 = 1
 $12 = 2
 $13 = 2
 $14 = 147
 $15 = 147
 $16 = 1
 $17 = 2
 $18 = 2
 $19 = 147
 $20 = 1
 $21 = 0
 $22 = 156
 $23 = 2
 $24 = 3
pc = 62    @   == $23 $24 $21
 $0 = 0
 $1 = 1
 $2 = 3
 $3 = 5
 $4 = 122
 $5 = 128
 $6 = 125
 $7 = 1
 $8 = 132
 $9 = 2
 $10 = 2
 $11 = 1
 $12 = 2
 $13 = 2
 $14 = 147
 $15 = 147
 $16 = 1
 $17 = 2
 $18 = 2
 $19 = 147
 $20 = 1
 $21 = 0
 $22 = 156
 $23 = 2
 $24 = 3
pc = 63    @   if! $21 :endif13
 $0 = 0
 $1 = 1
 $2 = 3
 $3 = 5
 $4 = 122
 $5 = 128
 $6 = 125
 $7 = 1
 $8 = 132
 $9 = 2
 $10 = 2
 $11 = 1
 $12 = 2
 $13 = 2
 $14 = 147
 $15 = 147
 $16 = 1
 $17 = 2
 $18 = 2
 $19 = 147
 $20 = 1
 $21 = 0
 $22 = 156
 $23 = 2
 $24 = 3
pc = 66    @   = 0 $25
 $0 = 0
 $1 = 1
 $2 = 3
 $3 = 5
 $4 = 122
 $5 = 128
 $6 = 125
 $7 = 1
 $8 = 132
 $9 = 2
 $10 = 2
 $11 = 1
 $12 = 2
 $13 = 2
 $14 = 147
 $15 = 147
 $16 = 1
 $17 = 2
 $18 = 2
 $19 = 147
 $20 = 1
 $21 = 0
 $22 = 156
 $23 = 2
 $24 = 3
 $25 = 0
pc = 67    @   < $25 3 $26
 $0 = 0
 $1 = 1
 $2 = 3
 $3 = 5
 $4 = 122
 $5 = 128
 $6 = 125
 $7 = 1
 $8 = 132
 $9 = 2
 $10 = 2
 $11 = 1
 $12 = 2
 $13 = 2
 $14 = 147
 $15 = 147
 $16 = 1
 $17 = 2
 $18 = 2
 $19 = 147
 $20 = 1
 $21 = 0
 $22 = 156
 $23 = 2
 $24 = 3
 $25 = 0
 $26 = 1
pc = 68    @   if! $26 :while_end17
 $0 = 0
 $1 = 1
 $2 = 3
 $3 = 5
 $4 = 122
 $5 = 128
 $6 = 125
 $7 = 1
 $8 = 132
 $9 = 2
 $10 = 2
 $11 = 1
 $12 = 2
 $13 = 2
 $14 = 147
 $15 = 147
 $16 = 1
 $17 = 2
 $18 = 2
 $19 = 147
 $20 = 1
 $21 = 0
 $22 = 156
 $23 = 2
 $24 = 3
 $25 = 0
 $26 = 1
pc = 69    @   param $1
 $0 = 0
 $1 = 1
 $2 = 3
 $3 = 5
 $4 = 122
 $5 = 128
 $6 = 125
 $7 = 1
 $8 = 132
 $9 = 2
 $10 = 2
 $11 = 1
 $12 = 2
 $13 = 2
 $14 = 147
 $15 = 147
 $16 = 1
 $17 = 2
 $18 = 2
 $19 = 147
 $20 = 1
 $21 = 0
 $22 = 156
 $23 = 2
 $24 = 3
 $25 = 0
 $26 = 1
pc = 70    @   param $1
 $0 = 0
 $1 = 1
 $2 = 3
 $3 = 5
 $4 = 122
 $5 = 128
 $6 = 125
 $7 = 1
 $8 = 132
 $9 = 2
 $10 = 2
 $11 = 1
 $12 = 2
 $13 = 2
 $14 = 147
 $15 = 147
 $16 = 1
 $17 = 2
 $18 = 2
 $19 = 147
 $20 = 1
 $21 = 0
 $22 = 156
 $23 = 2
 $24 = 3
 $25 = 0
 $26 = 1
pc = 71    @   call :stringCat $27
 $0 = 0
 $1 = 1
 $2 = 3
 $3 = 5
 $4 = 122
 $5 = 128
 $6 = 125
 $7 = 1
 $8 = 132
 $9 = 2
 $10 = 2
 $11 = 1
 $12 = 2
 $13 = 2
 $14 = 147
 $15 = 147
 $16 = 1
 $17 = 2
 $18 = 2
 $19 = 147
 $20 = 1
 $21 = 0
 $22 = 156
 $23 = 2
 $24 = 3
 $25 = 0
 $26 = 1
 $27 = 166
pc = 72    @   = $27 $1
 $0 = 0
 $1 = 166
 $2 = 3
 $3 = 5
 $4 = 122
 $5 = 128
 $6 = 125
 $7 = 1
 $8 = 132
 $9 = 2
 $10 = 2
 $11 = 1
 $12 = 2
 $13 = 2
 $14 = 147
 $15 = 147
 $16 = 1
 $17 = 2
 $18 = 2
 $19 = 147
 $20 = 1
 $21 = 0
 $22 = 156
 $23 = 2
 $24 = 3
 $25 = 0
 $26 = 1
 $27 = 166
pc = 73    @   + $25 1 $28
 $0 = 0
 $1 = 166
 $2 = 3
 $3 = 5
 $4 = 122
 $5 = 128
 $6 = 125
 $7 = 1
 $8 = 132
 $9 = 2
 $10 = 2
 $11 = 1
 $12 = 2
 $13 = 2
 $14 = 147
 $15 = 147
 $16 = 1
 $17 = 2
 $18 = 2
 $19 = 147
 $20 = 1
 $21 = 0
 $22 = 156
 $23 = 2
 $24 = 3
 $25 = 0
 $26 = 1
 $27 = 166
 $28 = 1
pc = 74    @   = $28 $25
 $0 = 0
 $1 = 166
 $2 = 3
 $3 = 5
 $4 = 122
 $5 = 128
 $6 = 125
 $7 = 1
 $8 = 132
 $9 = 2
 $10 = 2
 $11 = 1
 $12 = 2
 $13 = 2
 $14 = 147
 $15 = 147
 $16 = 1
 $17 = 2
 $18 = 2
 $19 = 147
 $20 = 1
 $21 = 0
 $22 = 156
 $23 = 2
 $24 = 3
 $25 = 1
 $26 = 1
 $27 = 166
 $28 = 1
pc = 75    @   goto :while_start16
 $0 = 0
 $1 = 166
 $2 = 3
 $3 = 5
 $4 = 122
 $5 = 128
 $6 = 125
 $7 = 1
 $8 = 132
 $9 = 2
 $10 = 2
 $11 = 1
 $12 = 2
 $13 = 2
 $14 = 147
 $15 = 147
 $16 = 1
 $17 = 2
 $18 = 2
 $19 = 147
 $20 = 1
 $21 = 0
 $22 = 156
 $23 = 2
 $24 = 3
 $25 = 1
 $26 = 1
 $27 = 166
 $28 = 1
pc = 67    @   < $25 3 $26
 $0 = 0
 $1 = 166
 $2 = 3
 $3 = 5
 $4 = 122
 $5 = 128
 $6 = 125
 $7 = 1
 $8 = 132
 $9 = 2
 $10 = 2
 $11 = 1
 $12 = 2
 $13 = 2
 $14 = 147
 $15 = 147
 $16 = 1
 $17 = 2
 $18 = 2
 $19 = 147
 $20 = 1
 $21 = 0
 $22 = 156
 $23 = 2
 $24 = 3
 $25 = 1
 $26 = 1
 $27 = 166
 $28 = 1
pc = 68    @   if! $26 :while_end17
 $0 = 0
 $1 = 166
 $2 = 3
 $3 = 5
 $4 = 122
 $5 = 128
 $6 = 125
 $7 = 1
 $8 = 132
 $9 = 2
 $10 = 2
 $11 = 1
 $12 = 2
 $13 = 2
 $14 = 147
 $15 = 147
 $16 = 1
 $17 = 2
 $18 = 2
 $19 = 147
 $20 = 1
 $21 = 0
 $22 = 156
 $23 = 2
 $24 = 3
 $25 = 1
 $26 = 1
 $27 = 166
 $28 = 1
pc = 69    @   param $1
 $0 = 0
 $1 = 166
 $2 = 3
 $3 = 5
 $4 = 122
 $5 = 128
 $6 = 125
 $7 = 1
 $8 = 132
 $9 = 2
 $10 = 2
 $11 = 1
 $12 = 2
 $13 = 2
 $14 = 147
 $15 = 147
 $16 = 1
 $17 = 2
 $18 = 2
 $19 = 147
 $20 = 1
 $21 = 0
 $22 = 156
 $23 = 2
 $24 = 3
 $25 = 1
 $26 = 1
 $27 = 166
 $28 = 1
pc = 70    @   param $1
 $0 = 0
 $1 = 166
 $2 = 3
 $3 = 5
 $4 = 122
 $5 = 128
 $6 = 125
 $7 = 1
 $8 = 132
 $9 = 2
 $10 = 2
 $11 = 1
 $12 = 2
 $13 = 2
 $14 = 147
 $15 = 147
 $16 = 1
 $17 = 2
 $18 = 2
 $19 = 147
 $20 = 1
 $21 = 0
 $22 = 156
 $23 = 2
 $24 = 3
 $25 = 1
 $26 = 1
 $27 = 166
 $28 = 1
pc = 71    @   call :stringCat $27
 $0 = 0
 $1 = 166
 $2 = 3
 $3 = 5
 $4 = 122
 $5 = 128
 $6 = 125
 $7 = 1
 $8 = 132
 $9 = 2
 $10 = 2
 $11 = 1
 $12 = 2
 $13 = 2
 $14 = 147
 $15 = 147
 $16 = 1
 $17 = 2
 $18 = 2
 $19 = 147
 $20 = 1
 $21 = 0
 $22 = 156
 $23 = 2
 $24 = 3
 $25 = 1
 $26 = 1
 $27 = 169
 $28 = 1
pc = 72    @   = $27 $1
 $0 = 0
 $1 = 169
 $2 = 3
 $3 = 5
 $4 = 122
 $5 = 128
 $6 = 125
 $7 = 1
 $8 = 132
 $9 = 2
 $10 = 2
 $11 = 1
 $12 = 2
 $13 = 2
 $14 = 147
 $15 = 147
 $16 = 1
 $17 = 2
 $18 = 2
 $19 = 147
 $20 = 1
 $21 = 0
 $22 = 156
 $23 = 2
 $24 = 3
 $25 = 1
 $26 = 1
 $27 = 169
 $28 = 1
pc = 73    @   + $25 1 $28
 $0 = 0
 $1 = 169
 $2 = 3
 $3 = 5
 $4 = 122
 $5 = 128
 $6 = 125
 $7 = 1
 $8 = 132
 $9 = 2
 $10 = 2
 $11 = 1
 $12 = 2
 $13 = 2
 $14 = 147
 $15 = 147
 $16 = 1
 $17 = 2
 $18 = 2
 $19 = 147
 $20 = 1
 $21 = 0
 $22 = 156
 $23 = 2
 $24 = 3
 $25 = 1
 $26 = 1
 $27 = 169
 $28 = 2
pc = 74    @   = $28 $25
 $0 = 0
 $1 = 169
 $2 = 3
 $3 = 5
 $4 = 122
 $5 = 128
 $6 = 125
 $7 = 1
 $8 = 132
 $9 = 2
 $10 = 2
 $11 = 1
 $12 = 2
 $13 = 2
 $14 = 147
 $15 = 147
 $16 = 1
 $17 = 2
 $18 = 2
 $19 = 147
 $20 = 1
 $21 = 0
 $22 = 156
 $23 = 2
 $24 = 3
 $25 = 2
 $26 = 1
 $27 = 169
 $28 = 2
pc = 75    @   goto :while_start16
 $0 = 0
 $1 = 169
 $2 = 3
 $3 = 5
 $4 = 122
 $5 = 128
 $6 = 125
 $7 = 1
 $8 = 132
 $9 = 2
 $10 = 2
 $11 = 1
 $12 = 2
 $13 = 2
 $14 = 147
 $15 = 147
 $16 = 1
 $17 = 2
 $18 = 2
 $19 = 147
 $20 = 1
 $21 = 0
 $22 = 156
 $23 = 2
 $24 = 3
 $25 = 2
 $26 = 1
 $27 = 169
 $28 = 2
pc = 67    @   < $25 3 $26
 $0 = 0
 $1 = 169
 $2 = 3
 $3 = 5
 $4 = 122
 $5 = 128
 $6 = 125
 $7 = 1
 $8 = 132
 $9 = 2
 $10 = 2
 $11 = 1
 $12 = 2
 $13 = 2
 $14 = 147
 $15 = 147
 $16 = 1
 $17 = 2
 $18 = 2
 $19 = 147
 $20 = 1
 $21 = 0
 $22 = 156
 $23 = 2
 $24 = 3
 $25 = 2
 $26 = 1
 $27 = 169
 $28 = 2
pc = 68    @   if! $26 :while_end17
 $0 = 0
 $1 = 169
 $2 = 3
 $3 = 5
 $4 = 122
 $5 = 128
 $6 = 125
 $7 = 1
 $8 = 132
 $9 = 2
 $10 = 2
 $11 = 1
 $12 = 2
 $13 = 2
 $14 = 147
 $15 = 147
 $16 = 1
 $17 = 2
 $18 = 2
 $19 = 147
 $20 = 1
 $21 = 0
 $22 = 156
 $23 = 2
 $24 = 3
 $25 = 2
 $26 = 1
 $27 = 169
 $28 = 2
pc = 69    @   param $1
 $0 = 0
 $1 = 169
 $2 = 3
 $3 = 5
 $4 = 122
 $5 = 128
 $6 = 125
 $7 = 1
 $8 = 132
 $9 = 2
 $10 = 2
 $11 = 1
 $12 = 2
 $13 = 2
 $14 = 147
 $15 = 147
 $16 = 1
 $17 = 2
 $18 = 2
 $19 = 147
 $20 = 1
 $21 = 0
 $22 = 156
 $23 = 2
 $24 = 3
 $25 = 2
 $26 = 1
 $27 = 169
 $28 = 2
pc = 70    @   param $1
 $0 = 0
 $1 = 169
 $2 = 3
 $3 = 5
 $4 = 122
 $5 = 128
 $6 = 125
 $7 = 1
 $8 = 132
 $9 = 2
 $10 = 2
 $11 = 1
 $12 = 2
 $13 = 2
 $14 = 147
 $15 = 147
 $16 = 1
 $17 = 2
 $18 = 2
 $19 = 147
 $20 = 1
 $21 = 0
 $22 = 156
 $23 = 2
 $24 = 3
 $25 = 2
 $26 = 1
 $27 = 169
 $28 = 2
pc = 71    @   call :stringCat $27
 $0 = 0
 $1 = 169
 $2 = 3
 $3 = 5
 $4 = 122
 $5 = 128
 $6 = 125
 $7 = 1
 $8 = 132
 $9 = 2
 $10 = 2
 $11 = 1
 $12 = 2
 $13 = 2
 $14 = 147
 $15 = 147
 $16 = 1
 $17 = 2
 $18 = 2
 $19 = 147
 $20 = 1
 $21 = 0
 $22 = 156
 $23 = 2
 $24 = 3
 $25 = 2
 $26 = 1
 $27 = 174
 $28 = 2
pc = 72    @   = $27 $1
 $0 = 0
 $1 = 174
 $2 = 3
 $3 = 5
 $4 = 122
 $5 = 128
 $6 = 125
 $7 = 1
 $8 = 132
 $9 = 2
 $10 = 2
 $11 = 1
 $12 = 2
 $13 = 2
 $14 = 147
 $15 = 147
 $16 = 1
 $17 = 2
 $18 = 2
 $19 = 147
 $20 = 1
 $21 = 0
 $22 = 156
 $23 = 2
 $24 = 3
 $25 = 2
 $26 = 1
 $27 = 174
 $28 = 2
pc = 73    @   + $25 1 $28
 $0 = 0
 $1 = 174
 $2 = 3
 $3 = 5
 $4 = 122
 $5 = 128
 $6 = 125
 $7 = 1
 $8 = 132
 $9 = 2
 $10 = 2
 $11 = 1
 $12 = 2
 $13 = 2
 $14 = 147
 $15 = 147
 $16 = 1
 $17 = 2
 $18 = 2
 $19 = 147
 $20 = 1
 $21 = 0
 $22 = 156
 $23 = 2
 $24 = 3
 $25 = 2
 $26 = 1
 $27 = 174
 $28 = 3
pc = 74    @   = $28 $25
 $0 = 0
 $1 = 174
 $2 = 3
 $3 = 5
 $4 = 122
 $5 = 128
 $6 = 125
 $7 = 1
 $8 = 132
 $9 = 2
 $10 = 2
 $11 = 1
 $12 = 2
 $13 = 2
 $14 = 147
 $15 = 147
 $16 = 1
 $17 = 2
 $18 = 2
 $19 = 147
 $20 = 1
 $21 = 0
 $22 = 156
 $23 = 2
 $24 = 3
 $25 = 3
 $26 = 1
 $27 = 174
 $28 = 3
pc = 75    @   goto :while_start16
 $0 = 0
 $1 = 174
 $2 = 3
 $3 = 5
 $4 = 122
 $5 = 128
 $6 = 125
 $7 = 1
 $8 = 132
 $9 = 2
 $10 = 2
 $11 = 1
 $12 = 2
 $13 = 2
 $14 = 147
 $15 = 147
 $16 = 1
 $17 = 2
 $18 = 2
 $19 = 147
 $20 = 1
 $21 = 0
 $22 = 156
 $23 = 2
 $24 = 3
 $25 = 3
 $26 = 1
 $27 = 174
 $28 = 3
pc = 67    @   < $25 3 $26
 $0 = 0
 $1 = 174
 $2 = 3
 $3 = 5
 $4 = 122
 $5 = 128
 $6 = 125
 $7 = 1
 $8 = 132
 $9 = 2
 $10 = 2
 $11 = 1
 $12 = 2
 $13 = 2
 $14 = 147
 $15 = 147
 $16 = 1
 $17 = 2
 $18 = 2
 $19 = 147
 $20 = 1
 $21 = 0
 $22 = 156
 $23 = 2
 $24 = 3
 $25 = 3
 $26 = 0
 $27 = 174
 $28 = 3
pc = 68    @   if! $26 :while_end17
 $0 = 0
 $1 = 174
 $2 = 3
 $3 = 5
 $4 = 122
 $5 = 128
 $6 = 125
 $7 = 1
 $8 = 132
 $9 = 2
 $10 = 2
 $11 = 1
 $12 = 2
 $13 = 2
 $14 = 147
 $15 = 147
 $16 = 1
 $17 = 2
 $18 = 2
 $19 = 147
 $20 = 1
 $21 = 0
 $22 = 156
 $23 = 2
 $24 = 3
 $25 = 3
 $26 = 0
 $27 = 174
 $28 = 3
pc = 76    @   param $1
 $0 = 0
 $1 = 174
 $2 = 3
 $3 = 5
 $4 = 122
 $5 = 128
 $6 = 125
 $7 = 1
 $8 = 132
 $9 = 2
 $10 = 2
 $11 = 1
 $12 = 2
 $13 = 2
 $14 = 147
 $15 = 147
 $16 = 1
 $17 = 2
 $18 = 2
 $19 = 147
 $20 = 1
 $21 = 0
 $22 = 156
 $23 = 2
 $24 = 3
 $25 = 3
 $26 = 0
 $27 = 174
 $28 = 3
pc = 77    @   call :println
aaaaaaaa
 $0 = 0
 $1 = 174
 $2 = 3
 $3 = 5
 $4 = 122
 $5 = 128
 $6 = 125
 $7 = 1
 $8 = 132
 $9 = 2
 $10 = 2
 $11 = 1
 $12 = 2
 $13 = 2
 $14 = 147
 $15 = 147
 $16 = 1
 $17 = 2
 $18 = 2
 $19 = 147
 $20 = 1
 $21 = 0
 $22 = 156
 $23 = 2
 $24 = 3
 $25 = 3
 $26 = 0
 $27 = 174
 $28 = 3
pc = 78    @   ret 
 $0 = 0
 $1 = 174
 $2 = 3
 $3 = 5
 $4 = 122
 $5 = 128
 $6 = 125
 $7 = 1
 $8 = 132
 $9 = 2
 $10 = 2
 $11 = 1
 $12 = 2
 $13 = 2
 $14 = 147
 $15 = 147
 $16 = 1
 $17 = 2
 $18 = 2
 $19 = 147
 $20 = 1
 $21 = 0
 $22 = 156
 $23 = 2
 $24 = 3
 $25 = 3
 $26 = 0
 $27 = 174
 $28 = 3
HALTED
 $0 = 0
 $1 = 174
 $2 = 3
 $3 = 5
 $4 = 122
 $5 = 128
 $6 = 125
 $7 = 1
 $8 = 132
 $9 = 2
 $10 = 2
 $11 = 1
 $12 = 2
 $13 = 2
 $14 = 147
 $15 = 147
 $16 = 1
 $17 = 2
 $18 = 2
 $19 = 147
 $20 = 1
 $21 = 0
 $22 = 156
 $23 = 2
 $24 = 3
 $25 = 3
 $26 = 0
 $27 = 174
 $28 = 3
